Component: Arm Compiler for Embedded 6.19 Tool: armlink [5e73cb00]

==============================================================================

Section Cross References

    startup_stm32f429xx.o(RESET) refers to startup_stm32f429xx.o(STACK) for __initial_sp
    startup_stm32f429xx.o(RESET) refers to startup_stm32f429xx.o(.text) for Reset_Handler
    startup_stm32f429xx.o(RESET) refers to stm32f4xx_it.o(.text.NMI_Handler) for NMI_Handler
    startup_stm32f429xx.o(RESET) refers to stm32f4xx_it.o(.text.HardFault_Handler) for HardFault_Handler
    startup_stm32f429xx.o(RESET) refers to stm32f4xx_it.o(.text.MemManage_Handler) for MemManage_Handler
    startup_stm32f429xx.o(RESET) refers to stm32f4xx_it.o(.text.BusFault_Handler) for BusFault_Handler
    startup_stm32f429xx.o(RESET) refers to stm32f4xx_it.o(.text.UsageFault_Handler) for UsageFault_Handler
    startup_stm32f429xx.o(RESET) refers to stm32f4xx_it.o(.text.SVC_Handler) for SVC_Handler
    startup_stm32f429xx.o(RESET) refers to stm32f4xx_it.o(.text.DebugMon_Handler) for DebugMon_Handler
    startup_stm32f429xx.o(RESET) refers to stm32f4xx_it.o(.text.PendSV_Handler) for PendSV_Handler
    startup_stm32f429xx.o(RESET) refers to stm32f4xx_it.o(.text.SysTick_Handler) for SysTick_Handler
    startup_stm32f429xx.o(RESET) refers to stm32f4xx_it.o(.text.USART1_IRQHandler) for USART1_IRQHandler
    startup_stm32f429xx.o(RESET) refers to stm32f4xx_it.o(.text.USART2_IRQHandler) for USART2_IRQHandler
    startup_stm32f429xx.o(RESET) refers to stm32f4xx_it.o(.text.EXTI15_10_IRQHandler) for EXTI15_10_IRQHandler
    startup_stm32f429xx.o(RESET) refers to stm32f4xx_it.o(.text.SDIO_IRQHandler) for SDIO_IRQHandler
    startup_stm32f429xx.o(RESET) refers to stm32f4xx_it.o(.text.DMA2_Stream3_IRQHandler) for DMA2_Stream3_IRQHandler
    startup_stm32f429xx.o(RESET) refers to stm32f4xx_it.o(.text.DMA2_Stream6_IRQHandler) for DMA2_Stream6_IRQHandler
    startup_stm32f429xx.o(RESET) refers to stm32f4xx_it.o(.text.USART6_IRQHandler) for USART6_IRQHandler
    startup_stm32f429xx.o(RESET) refers to stm32f4xx_it.o(.text.OTG_HS_IRQHandler) for OTG_HS_IRQHandler
    startup_stm32f429xx.o(RESET) refers to stm32f4xx_it.o(.text.SPI4_IRQHandler) for SPI4_IRQHandler
    startup_stm32f429xx.o(.text) refers to system_stm32f4xx.o(.text.SystemInit) for SystemInit
    startup_stm32f429xx.o(.text) refers to entry.o(.ARM.Collect$$$$00000000) for __main
    main.o(.text.main) refers to stm32f4xx_hal.o(.text.HAL_Init) for HAL_Init
    main.o(.text.main) refers to main.o(.text.SystemClock_Config) for SystemClock_Config
    main.o(.text.main) refers to gpio.o(.text.MX_GPIO_Init) for MX_GPIO_Init
    main.o(.text.main) refers to dma.o(.text.MX_DMA_Init) for MX_DMA_Init
    main.o(.text.main) refers to rtc.o(.text.MX_RTC_Init) for MX_RTC_Init
    main.o(.text.main) refers to sdio.o(.text.MX_SDIO_MMC_Init) for MX_SDIO_MMC_Init
    main.o(.text.main) refers to usart.o(.text.MX_USART1_UART_Init) for MX_USART1_UART_Init
    main.o(.text.main) refers to usart.o(.text.MX_USART6_UART_Init) for MX_USART6_UART_Init
    main.o(.text.main) refers to spi.o(.text.MX_SPI4_Init) for MX_SPI4_Init
    main.o(.text.main) refers to usart.o(.text.MX_USART2_UART_Init) for MX_USART2_UART_Init
    main.o(.text.main) refers to fatfs.o(.text.MX_FATFS_Init) for MX_FATFS_Init
    main.o(.text.main) refers to usb_device.o(.text.MX_USB_DEVICE_Init) for MX_USB_DEVICE_Init
    main.o(.text.main) refers to stm32f4xx_hal_cortex.o(.text.HAL_NVIC_SetPriority) for HAL_NVIC_SetPriority
    main.o(.text.main) refers to data_fusion.o(.text.BufferSystem_Init) for BufferSystem_Init
    main.o(.text.main) refers to fatfs.o(.text.FATFS_Mount) for FATFS_Mount
    main.o(.text.main) refers to fatfs.o(.text.Check_CreateConfig) for Check_CreateConfig
    main.o(.text.main) refers to fatfs.o(.text.LoadConfigFromFile) for LoadConfigFromFile
    main.o(.text.main) refers to ads1285.o(.bss.hads1285) for hads1285
    main.o(.text.main) refers to ads1285.o(.text.ADS1285_StartupSequence) for ADS1285_StartupSequence
    main.o(.text.main) refers to main.o(.rodata.str1.1) for .L.str
    main.o(.text.main) refers to printfa.o(i.__0printf) for printf
    main.o(.text.main) refers to main.o(.text.Error_Handler) for Error_Handler
    main.o(.text.main) refers to ads1285.o(.text.ADS1285_WriteReg_Continuous) for ADS1285_WriteReg_Continuous
    main.o(.text.main) refers to stm32f4xx_hal.o(.text.HAL_Delay) for HAL_Delay
    main.o(.text.main) refers to data_fusion.o(.text.MainLoop_StateMachine) for MainLoop_StateMachine
    main.o(.ARM.exidx.text.main) refers to main.o(.text.main) for [Anonymous Symbol]
    main.o(.text.SystemClock_Config) refers to memseta.o(.text) for __aeabi_memclr4
    main.o(.text.SystemClock_Config) refers to stm32f4xx_hal_rcc.o(.text.HAL_RCC_OscConfig) for HAL_RCC_OscConfig
    main.o(.text.SystemClock_Config) refers to main.o(.text.Error_Handler) for Error_Handler
[...]
    MSCInEpAdd                               0x20000028   Data           1  usbd_msc.o(.data.MSCInEpAdd)
    MSCOutEpAdd                              0x20000029   Data           1  usbd_msc.o(.data.MSCOutEpAdd)
    MSC_Mode_Sense10_data                    0x2000002a   Data           8  usbd_msc_data.o(.data.MSC_Mode_Sense10_data)
    MSC_Mode_Sense6_data                     0x20000032   Data           4  usbd_msc_data.o(.data.MSC_Mode_Sense6_data)
    MSC_Page00_Inquiry_Data                  0x20000036   Data           6  usbd_msc_data.o(.data.MSC_Page00_Inquiry_Data)
    MSC_Page80_Inquiry_Data                  0x2000003c   Data           8  usbd_msc_data.o(.data.MSC_Page80_Inquiry_Data)
    SystemCoreClock                          0x20000048   Data           4  system_stm32f4xx.o(.data.SystemCoreClock)
    USBD_HS_DeviceDesc                       0x2000004c   Data          18  usbd_desc.o(.data.USBD_HS_DeviceDesc)
    USBD_LangIDDesc                          0x20000060   Data           4  usbd_desc.o(.data.USBD_LangIDDesc)
    USBD_MSC                                 0x20000064   Data          56  usbd_msc.o(.data.USBD_MSC)
    USBD_Storage_Interface_fops_HS           0x200000c8   Data          32  usbd_storage_if.o(.data.USBD_Storage_Interface_fops_HS)
    USBD_StringSerial                        0x200000e8   Data          26  usbd_desc.o(.data.USBD_StringSerial)
    USER_Driver                              0x20000104   Data          20  user_diskio.o(.data.USER_Driver)
    currentFileDay                           0x20000118   Data           1  fatfs.o(.data.currentFileDay)
    currentFileHour                          0x20000119   Data           1  fatfs.o(.data.currentFileHour)
    currentFileMonth                         0x2000011a   Data           1  fatfs.o(.data.currentFileMonth)
    currentFileYear                          0x2000011b   Data           1  fatfs.o(.data.currentFileYear)
    g_config                                 0x2000011c   Data          44  fatfs.o(.data.g_config)
    g_lastError                              0x20000148   Data           4  data_fusion.o(.data.g_lastError)
    syncIntervalMs                           0x2000014c   Data           4  data_fusion.o(.data.syncIntervalMs)
    systemState                              0x20000150   Data           1  data_fusion.o(.data.systemState)
    tx_buffer                                0x20000151   Data          10  um980.o(.data.tx_buffer)
    uwTickFreq                               0x2000015b   Data           1  stm32f4xx_hal.o(.data.uwTickFreq)
    uwTickPrio                               0x2000015c   Data           4  stm32f4xx_hal.o(.data.uwTickPrio)
    USBD_StrDesc                             0x200001c0   Data         512  usbd_desc.o(.bss.USBD_StrDesc)
    USERPath                                 0x20000c38   Data           4  fatfs.o(.bss.USERPath)
    appState                                 0x20000c3c   Data           1  data_fusion.o(.bss.appState)
    bufferFullCount                          0x20000c40   Data           4  data_fusion.o(.bss.bufferFullCount)
    bufferOverrunCount                       0x20000c44   Data           4  data_fusion.o(.bss.bufferOverrunCount)
    disk                                     0x20000c48   Data          12  ff_gen_drv.o(.bss.disk)
    fs                                       0x20000c74   Data         564  fatfs.o(.bss.fs)
    g_bufferSystem                           0x20000ea8   Data       96040  data_fusion.o(.bss.g_bufferSystem)
    gnssBuffer                               0x200185d0   Data         128  um980.o(.bss.gnssBuffer)
    gnssByte                                 0x20018650   Data           1  um980.o(.bss.gnssByte)
    gnssIndex                                0x20018651   Data           1  um980.o(.bss.gnssIndex)
    gnssReady                                0x20018652   Data           1  um980.o(.bss.gnssReady)
    gnssStarted                              0x20018653   Data           1  um980.o(.bss.gnssStarted)
    hUsbDeviceHS                             0x20018654   Data         732  usb_device.o(.bss.hUsbDeviceHS)
    hads1285                                 0x20018930   Data          28  ads1285.o(.bss.hads1285)
    hdma_sdio_rx                             0x2001894c   Data          96  sdio.o(.bss.hdma_sdio_rx)
    hdma_sdio_tx                             0x200189ac   Data          96  sdio.o(.bss.hdma_sdio_tx)
    hmmc                                     0x20018a0c   Data         640  sdio.o(.bss.hmmc)
    hpcd_USB_OTG_HS                          0x20018c8c   Data        1252  usbd_conf.o(.bss.hpcd_USB_OTG_HS)
    hrtc                                     0x20019170   Data          32  rtc.o(.bss.hrtc)
    hspi4                                    0x20019190   Data          88  spi.o(.bss.hspi4)
    huart1                                   0x200191e8   Data          72  usart.o(.bss.huart1)
    huart2                                   0x20019230   Data          72  usart.o(.bss.huart2)
    huart6                                   0x20019278   Data          72  usart.o(.bss.huart6)
    lastSyncTime                             0x200192c0   Data           4  data_fusion.o(.bss.lastSyncTime)
    needTimeSync                             0x200192c4   Data           1  data_fusion.o(.bss.needTimeSync)
    rawDataFile                              0x200192c8   Data         560  data_fusion.o(.bss.rawDataFile)
    res                                      0x200194f8   Data           1  fatfs.o(.bss.res)
    retUSER                                  0x200194f9   Data           1  fatfs.o(.bss.retUSER)
    rx_buffer                                0x200194fa   Data         512  um980.o(.bss.rx_buffer)
    startupTick                              0x200196fc   Data           4  data_fusion.o(.bss.startupTick)
    uwTick                                   0x20019700   Data           4  stm32f4xx_hal.o(.bss.uwTick)
    work                                     0x20019704   Data         512  fatfs.o(.bss.work)
    writeCompleteCount                       0x20019904   Data           4  data_fusion.o(.bss.writeCompleteCount)
    __initial_sp                             0x2001a908   Data           0  startup_stm32f429xx.o(STACK)



==============================================================================

Memory Map of the image

  Image Entry point : 0x080001ad

  Load Region LR_IROM1 (Base: 0x08000000, Size: 0x00042018, Max: 0x00200000, ABSOLUTE, COMPRESSED[0x00041fa8])

    Execution Region ER_IROM1 (Exec base: 0x08000000, Load base: 0x08000000, Size: 0x00041eb4, Max: 0x00200000, ABSOLUTE)

    Exec Addr    Load Addr    Size         Type   Attr      Idx    E Section Name        Object

    0x08000000   0x08000000   0x000001ac   Data   RO            3    RESET               startup_stm32f429xx.o
    0x080001ac   0x080001ac   0x00000000   Code   RO         2248  * .ARM.Collect$$$$00000000  mc_w.l(entry.o)
    0x080001ac   0x080001ac   0x00000004   Code   RO         2317    .ARM.Collect$$$$00000001  mc_w.l(entry2.o)
    0x080001b0   0x080001b0   0x00000004   Code   RO         2320    .ARM.Collect$$$$00000004  mc_w.l(entry5.o)
    0x080001b4   0x080001b4   0x00000000   Code   RO         2322    .ARM.Collect$$$$00000008  mc_w.l(entry7b.o)
    0x080001b4   0x080001b4   0x00000000   Code   RO         2324    .ARM.Collect$$$$0000000A  mc_w.l(entry8b.o)
    0x080001b4   0x080001b4   0x00000008   Code   RO         2325    .ARM.Collect$$$$0000000B  mc_w.l(entry9a.o)
    0x080001bc   0x080001bc   0x00000000   Code   RO         2327    .ARM.Collect$$$$0000000D  mc_w.l(entry10a.o)
    0x080001bc   0x080001bc   0x00000000   Code   RO         2329    .ARM.Collect$$$$0000000F  mc_w.l(entry11a.o)
    0x080001bc   0x080001bc   0x00000004   Code   RO         2318    .ARM.Collect$$$$00002712  mc_w.l(entry2.o)
    0x080001c0   0x080001c0   0x00000024   Code   RO            4    .text               startup_stm32f429xx.o
    0x080001e4   0x080001e4   0x00000062   Code   RO         2251    .text               mc_w.l(uldiv.o)
    0x08000246   0x08000246   0x00000024   Code   RO         2253    .text               mc_w.l(memcpya.o)
    0x0800026a   0x0800026a   0x00000024   Code   RO         2255    .text               mc_w.l(memseta.o)
    0x0800028e   0x0800028e   0x00000024   Code   RO         2257    .text               mc_w.l(strstr.o)
    0x080002b2   0x080002b2   0x00000018   Code   RO         2259    .text               mc_w.l(strncpy.o)
    0x080002ca   0x080002ca   0x0000000e   Code   RO         2261    .text               mc_w.l(strlen.o)
    0x080002d8   0x080002d8   0x0000001c   Code   RO         2263    .text               mc_w.l(strcmp.o)
    0x080002f4   0x080002f4   0x0000001e   Code   RO         2267    .text               mc_w.l(strncmp.o)
    0x08000312   0x08000312   0x00000002   PAD
    0x08000314   0x08000314   0x00000044   Code   RO         2269    .text               mc_w.l(strtok.o)
    0x08000358   0x08000358   0x00000022   Code   RO         2275    .text               mc_w.l(strcspn.o)
    0x0800037a   0x0800037a   0x00000002   PAD
    0x0800037c   0x0800037c   0x00000038   Code   RO         2307    .text               mc_w.l(sscanf.o)
    0x080003b4   0x080003b4   0x0000001a   Code   RO         2309    .text               mc_w.l(atoi.o)
    0x080003ce   0x080003ce   0x000000e4   Code   RO         2311    .text               mf_w.l(dmul.o)
    0x080004b2   0x080004b2   0x00000038   Code   RO         2315    .text               mf_w.l(d2f.o)
    0x080004ea   0x080004ea   0x0000002c   Code   RO         2341    .text               mc_w.l(uidiv.o)
    0x08000516   0x08000516   0x0000001e   Code   RO         2343    .text               mc_w.l(llshl.o)
    0x08000534   0x08000534   0x00000020   Code   RO         2345    .text               mc_w.l(llushr.o)
    0x08000554   0x08000554   0x00000156   Code   RO         2354    .text               mc_w.l(_scanf_longlong.o)
    0x080006aa   0x080006aa   0x0000014c   Code   RO         2356    .text               mc_w.l(_scanf_int.o)
    0x080007f6   0x080007f6   0x000000e0   Code   RO         2358    .text               mc_w.l(_scanf_str.o)
    0x080008d6   0x080008d6   0x00000002   PAD
    0x080008d8   0x080008d8   0x00000360   Code   RO         2360    .text               mc_w.l(scanf_fp.o)
    0x08000c38   0x08000c38   0x00000028   Code   RO         2364    .text               mc_w.l(scanf_char.o)
    0x08000c60   0x08000c60   0x00000040   Code   RO         2366    .text               mc_w.l(_sgetc.o)
    0x08000ca0   0x08000ca0   0x00000070   Code   RO         2368    .text               mc_w.l(strtol.o)
    0x08000d10   0x08000d10   0x00000000   Code   RO         2370    .text               mc_w.l(iusefp.o)
    0x08000d10   0x08000d10   0x0000006e   Code   RO         2371    .text               mf_w.l(fepilogue.o)
    0x08000d7e   0x08000d7e   0x000000ba   Code   RO         2373    .text               mf_w.l(depilogue.o)
    0x08000e38   0x08000e38   0x0000014e   Code   RO         2375    .text               mf_w.l(dadd.o)
    0x08000f86   0x08000f86   0x000000de   Code   RO         2377    .text               mf_w.l(ddiv.o)
    0x08001064   0x08001064   0x00000030   Code   RO         2379    .text               mf_w.l(dfixul.o)
    0x08001094   0x08001094   0x00000030   Code   RO         2381    .text               mf_w.l(cdrcmple.o)
    0x080010c4   0x080010c4   0x00000024   Code   RO         2383    .text               mc_w.l(init.o)
    0x080010e8   0x080010e8   0x00000024   Code   RO         2385    .text               mc_w.l(llsshr.o)
    0x0800110c   0x0800110c   0x00000008   Code   RO         2389    .text               mc_w.l(ctype_o.o)
    0x08001114   0x08001114   0x00000012   Code   RO         2411    .text               mc_w.l(isspace_o.o)
    0x08001126   0x08001126   0x0000001c   Code   RO         2417    .text               mc_w.l(_chval.o)
    0x08001142   0x08001142   0x00000002   PAD
    0x08001144   0x08001144   0x0000032c   Code   RO         2419    .text               mc_w.l(_scanf.o)
    0x08001470   0x08001470   0x0000009e   Code   RO         2421    .text               mc_w.l(_strtoul.o)
    0x0800150e   0x0800150e   0x00000018   Code   RO         2423    .text               mf_w.l(dfltul.o)
    0x08001526   0x08001526   0x0000003a   Code   RO         2436    .text               mc_w.l(__dczerorl.o)
    0x08001560   0x08001560   0x0000016c   Code   RO         1732    .text.ADS1285_Calibration  ads1285.o
    0x080016cc   0x080016cc   0x000000d0   Code   RO         1726    .text.ADS1285_Init  ads1285.o
    0x0800179c   0x0800179c   0x00000074   Code   RO         1740    .text.ADS1285_ReadRawData  ads1285.o
    0x08001810   0x08001810   0x0000003c   Code   RO         1728    .text.ADS1285_ResetHardware  ads1285.o
    0x0800184c   0x0800184c   0x0000004c   Code   RO         1736    .text.ADS1285_StartupSequence  ads1285.o
    0x08001898   0x08001898   0x000001a6   Code   RO         1818    .text.ADS1285_Test  data_fusion.o
    0x08001a3e   0x08001a3e   0x00000002   PAD
    0x08001a40   0x08001a40   0x000000e4   Code   RO         1734    .text.ADS1285_WriteReg_Continuous  ads1285.o
    0x08001b24   0x08001b24   0x00000088   Code   RO         1810    .text.BufferSystem_Init  data_fusion.o
    0x08001bac   0x08001bac   0x00000004   Code   RO          123    .text.BusFault_Handler  stm32f4xx_it.o
    0x08001bb0   0x08001bb0   0x000000d6   Code   RO         1804    .text.CheckAndCreateNewFileIfNeeded  data_fusion.o
    0x08001c86   0x08001c86   0x00000002   PAD
    0x08001c88   0x08001c88   0x00000166   Code   RO          206    .text.CheckStorageSpace  fatfs.o
    0x08001dee   0x08001dee   0x00000002   PAD
    0x08001df0   0x08001df0   0x000000e8   Code   RO          210    .text.Check_CreateConfig  fatfs.o
    0x08001ed8   0x08001ed8   0x00000010   Code   RO          141    .text.DMA2_Stream3_IRQHandler  stm32f4xx_it.o
    0x08001ee8   0x08001ee8   0x00000010   Code   RO          143    .text.DMA2_Stream6_IRQHandler  stm32f4xx_it.o
    0x08001ef8   0x08001ef8   0x00000056   Code   RO          644    .text.DMA_CalcBaseAndBitshift  stm32f4xx_hal_dma.o
    0x08001f4e   0x08001f4e   0x00000002   PAD
    0x08001f50   0x08001f50   0x000000f0   Code   RO          642    .text.DMA_CheckFifoParam  stm32f4xx_hal_dma.o
    0x08002040   0x08002040   0x00000050   Code   RO          650    .text.DMA_SetConfig  stm32f4xx_hal_dma.o
    0x08002090   0x08002090   0x00000002   Code   RO          129    .text.DebugMon_Handler  stm32f4xx_it.o
    0x08002092   0x08002092   0x00000002   PAD
    0x08002094   0x08002094   0x000001b0   Code   RO          204    .text.DeleteOldestFile  fatfs.o
    0x08002244   0x08002244   0x00000018   Code   RO         1709    .text.EMMC_GetInfo  bsp_emmc.o
    0x0800225c   0x0800225c   0x00000044   Code   RO         1701    .text.EMMC_ReadBlock_DMA  bsp_emmc.o
    0x080022a0   0x080022a0   0x0000004e   Code   RO         1703    .text.EMMC_Wait_Ready  bsp_emmc.o
    0x080022ee   0x080022ee   0x00000002   PAD
    0x080022f0   0x080022f0   0x00000044   Code   RO         1705    .text.EMMC_WriteBlock_DMA  bsp_emmc.o
    0x08002334   0x08002334   0x0000000c   Code   RO          151    .text.EXTI15_10_IRQHandler  stm32f4xx_it.o
    0x08002340   0x08002340   0x00000020   Code   RO           15    .text.Error_Handler  main.o
    0x08002360   0x08002360   0x000001b6   Code   RO          190    .text.FATFS_CreateRawDataFileWithTimestamp  fatfs.o
    0x08002516   0x08002516   0x00000002   PAD
    0x08002518   0x08002518   0x00000016   Code   RO         1669    .text.FATFS_LinkDriver  ff_gen_drv.o
    0x0800252e   0x0800252e   0x00000002   PAD
    0x08002530   0x08002530   0x0000007c   Code   RO         1667    .text.FATFS_LinkDriverEx  ff_gen_drv.o
    0x080025ac   0x080025ac   0x0000013e   Code   RO          196    .text.FATFS_Mount   fatfs.o
    0x080026ea   0x080026ea   0x00000002   PAD
    0x080026ec   0x080026ec   0x00000130   Code   RO         1816    .text.FlushBufferToSD  data_fusion.o
    0x0800281c   0x0800281c   0x0000005c   Code   RO         1907    .text.Get_SerialNum  usbd_desc.o
    0x08002878   0x08002878   0x000000ec   Code   RO          654    .text.HAL_DMA_Abort  stm32f4xx_hal_dma.o
    0x08002964   0x08002964   0x00000044   Code   RO          656    .text.HAL_DMA_Abort_IT  stm32f4xx_hal_dma.o
    0x080029a8   0x080029a8   0x0000000c   Code   RO          668    .text.HAL_DMA_GetError  stm32f4xx_hal_dma.o
    0x080029b4   0x080029b4   0x0000031e   Code   RO          660    .text.HAL_DMA_IRQHandler  stm32f4xx_hal_dma.o
    0x08002cd2   0x08002cd2   0x00000002   PAD
    0x08002cd4   0x08002cd4   0x0000016e   Code   RO          640    .text.HAL_DMA_Init  stm32f4xx_hal_dma.o
    0x08002e42   0x08002e42   0x00000002   PAD
    0x08002e44   0x08002e44   0x000000c2   Code   RO          652    .text.HAL_DMA_Start_IT  stm32f4xx_hal_dma.o
    0x08002f06   0x08002f06   0x00000002   PAD
    0x08002f08   0x08002f08   0x00000042   Code   RO          841    .text.HAL_Delay     stm32f4xx_hal.o
    0x08002f4a   0x08002f4a   0x00000002   PAD
    0x08002f4c   0x08002f4c   0x00000038   Code   RO         1820    .text.HAL_GPIO_EXTI_Callback  data_fusion.o
    0x08002f84   0x08002f84   0x00000038   Code   RO          614    .text.HAL_GPIO_EXTI_IRQHandler  stm32f4xx_hal_gpio.o
    0x08002fbc   0x08002fbc   0x000003ee   Code   RO          602    .text.HAL_GPIO_Init  stm32f4xx_hal_gpio.o
    0x080033aa   0x080033aa   0x00000002   PAD
    0x080033ac   0x080033ac   0x0000002e   Code   RO          606    .text.HAL_GPIO_ReadPin  stm32f4xx_hal_gpio.o
    0x080033da   0x080033da   0x00000002   PAD
    0x080033dc   0x080033dc   0x00000026   Code   RO          610    .text.HAL_GPIO_TogglePin  stm32f4xx_hal_gpio.o
    0x08003402   0x08003402   0x00000002   PAD
    0x08003404   0x08003404   0x0000002e   Code   RO          608    .text.HAL_GPIO_WritePin  stm32f4xx_hal_gpio.o
    0x08003432   0x08003432   0x00000002   PAD
    0x08003434   0x08003434   0x0000000c   Code   RO          833    .text.HAL_GetTick   stm32f4xx_hal.o
    0x08003440   0x08003440   0x0000001a   Code   RO          831    .text.HAL_IncTick   stm32f4xx_hal.o
    0x0800345a   0x0800345a   0x00000002   PAD
    0x0800345c   0x0800345c   0x00000036   Code   RO          821    .text.HAL_Init      stm32f4xx_hal.o
    0x08003492   0x08003492   0x00000002   PAD
    0x08003494   0x08003494   0x00000070   Code   RO          823    .text.HAL_InitTick  stm32f4xx_hal.o
    0x08003504   0x08003504   0x00000008   Code   RO         1203    .text.HAL_MMC_AbortCallback  stm32f4xx_hal_mmc.o
    0x0800350c   0x0800350c   0x000001b2   Code   RO         1155    .text.HAL_MMC_ConfigWideBusOperation  stm32f4xx_hal_mmc.o
    0x080036be   0x080036be   0x00000002   PAD
    0x080036c0   0x080036c0   0x00000008   Code   RO         1191    .text.HAL_MMC_ErrorCallback  stm32f4xx_hal_mmc.o
    0x080036c8   0x080036c8   0x00000288   Code   RO         1211    .text.HAL_MMC_GetCardCSD  stm32f4xx_hal_mmc.o
    0x08003950   0x08003950   0x000001fc   Code   RO         1217    .text.HAL_MMC_GetCardExtCSD  stm32f4xx_hal_mmc.o
    0x08003b4c   0x08003b4c   0x00000044   Code   RO         1215    .text.HAL_MMC_GetCardInfo  stm32f4xx_hal_mmc.o
    0x08003b90   0x08003b90   0x00000034   Code   RO         1221    .text.HAL_MMC_GetCardState  stm32f4xx_hal_mmc.o
    0x08003bc4   0x08003bc4   0x0000000e   Code   RO         1205    .text.HAL_MMC_GetState  stm32f4xx_hal_mmc.o
    0x08003bd2   0x08003bd2   0x00000002   PAD
    0x08003bd4   0x08003bd4   0x00000318   Code   RO         1187    .text.HAL_MMC_IRQHandler  stm32f4xx_hal_mmc.o
    0x08003eec   0x08003eec   0x00000088   Code   RO         1149    .text.HAL_MMC_Init  stm32f4xx_hal_mmc.o
    0x08003f74   0x08003f74   0x00000122   Code   RO         1153    .text.HAL_MMC_InitCard  stm32f4xx_hal_mmc.o
    0x08004096   0x08004096   0x00000002   PAD
    0x08004098   0x08004098   0x000001e6   Code   RO           64    .text.HAL_MMC_MspInit  sdio.o
    0x0800427e   0x0800427e   0x00000002   PAD
    0x08004280   0x08004280   0x000001ce   Code   RO         1175    .text.HAL_MMC_ReadBlocks_DMA  stm32f4xx_hal_mmc.o
    0x0800444e   0x0800444e   0x00000002   PAD
    0x08004450   0x08004450   0x00000008   Code   RO         1195    .text.HAL_MMC_RxCpltCallback  stm32f4xx_hal_mmc.o
    0x08004458   0x08004458   0x00000008   Code   RO         1193    .text.HAL_MMC_TxCpltCallback  stm32f4xx_hal_mmc.o
    0x08004460   0x08004460   0x000001d6   Code   RO         1181    .text.HAL_MMC_WriteBlocks_DMA  stm32f4xx_hal_mmc.o
    0x08004636   0x08004636   0x00000002   PAD
    0x08004638   0x08004638   0x0000004a   Code   RO          160    .text.HAL_MspInit   stm32f4xx_hal_msp.o
    0x08004682   0x08004682   0x00000002   PAD
    0x08004684   0x08004684   0x00000014   Code   RO          756    .text.HAL_NVIC_EnableIRQ  stm32f4xx_hal_cortex.o
    0x08004698   0x08004698   0x00000032   Code   RO          748    .text.HAL_NVIC_SetPriority  stm32f4xx_hal_cortex.o
    0x080046ca   0x080046ca   0x00000002   PAD
    0x080046cc   0x080046cc   0x00000010   Code   RO          744    .text.HAL_NVIC_SetPriorityGrouping  stm32f4xx_hal_cortex.o
    0x080046dc   0x080046dc   0x00000004   Code   RO          764    .text.HAL_NVIC_SystemReset  stm32f4xx_hal_cortex.o
    0x080046e0   0x080046e0   0x0000000c   Code   RO          330    .text.HAL_PCDEx_LPM_Callback  stm32f4xx_hal_pcd_ex.o
    0x080046ec   0x080046ec   0x00000018   Code   RO          328    .text.HAL_PCDEx_SetRxFiFo  stm32f4xx_hal_pcd_ex.o
    0x08004704   0x08004704   0x0000009c   Code   RO          326    .text.HAL_PCDEx_SetTxFiFo  stm32f4xx_hal_pcd_ex.o
    0x080047a0   0x080047a0   0x00000014   Code   RO         1969    .text.HAL_PCD_ConnectCallback  usbd_conf.o
    0x080047b4   0x080047b4   0x00000026   Code   RO         1955    .text.HAL_PCD_DataInStageCallback  usbd_conf.o
    0x080047da   0x080047da   0x00000002   PAD
    0x080047dc   0x080047dc   0x00000028   Code   RO         1953    .text.HAL_PCD_DataOutStageCallback  usbd_conf.o
    0x08004804   0x08004804   0x00000014   Code   RO         1971    .text.HAL_PCD_DisconnectCallback  usbd_conf.o
    0x08004818   0x08004818   0x0000005e   Code   RO          277    .text.HAL_PCD_EP_Abort  stm32f4xx_hal_pcd.o
    0x08004876   0x08004876   0x00000002   PAD
    0x08004878   0x08004878   0x000000a8   Code   RO          297    .text.HAL_PCD_EP_Close  stm32f4xx_hal_pcd.o
    0x08004920   0x08004920   0x000000c8   Code   RO          307    .text.HAL_PCD_EP_ClrStall  stm32f4xx_hal_pcd.o
    0x080049e8   0x080049e8   0x00000070   Code   RO          309    .text.HAL_PCD_EP_Flush  stm32f4xx_hal_pcd.o
    0x08004a58   0x08004a58   0x00000022   Code   RO          301    .text.HAL_PCD_EP_GetRxCount  stm32f4xx_hal_pcd.o
    0x08004a7a   0x08004a7a   0x00000002   PAD
    0x08004a7c   0x08004a7c   0x000000ee   Code   RO          295    .text.HAL_PCD_EP_Open  stm32f4xx_hal_pcd.o
    0x08004b6a   0x08004b6a   0x00000002   PAD
    0x08004b6c   0x08004b6c   0x0000006c   Code   RO          299    .text.HAL_PCD_EP_Receive  stm32f4xx_hal_pcd.o
    0x08004bd8   0x08004bd8   0x000000de   Code   RO          305    .text.HAL_PCD_EP_SetStall  stm32f4xx_hal_pcd.o
    0x08004cb6   0x08004cb6   0x00000002   PAD
    0x08004cb8   0x08004cb8   0x0000006c   Code   RO          303    .text.HAL_PCD_EP_Transmit  stm32f4xx_hal_pcd.o
    0x08004d24   0x08004d24   0x00000838   Code   RO          255    .text.HAL_PCD_IRQHandler  stm32f4xx_hal_pcd.o
    0x0800555c   0x0800555c   0x0000001c   Code   RO         1967    .text.HAL_PCD_ISOINIncompleteCallback  usbd_conf.o
    0x08005578   0x08005578   0x0000001c   Code   RO         1965    .text.HAL_PCD_ISOOUTIncompleteCallback  usbd_conf.o
    0x08005594   0x08005594   0x00000242   Code   RO          243    .text.HAL_PCD_Init  stm32f4xx_hal_pcd.o
    0x080057d6   0x080057d6   0x00000002   PAD
    0x080057d8   0x080057d8   0x00000164   Code   RO         1947    .text.HAL_PCD_MspInit  usbd_conf.o
    0x0800593c   0x0800593c   0x00000052   Code   RO         1959    .text.HAL_PCD_ResetCallback  usbd_conf.o
    0x0800598e   0x0800598e   0x00000002   PAD
    0x08005990   0x08005990   0x00000014   Code   RO         1963    .text.HAL_PCD_ResumeCallback  usbd_conf.o
    0x080059a4   0x080059a4   0x00000014   Code   RO         1957    .text.HAL_PCD_SOFCallback  usbd_conf.o
    0x080059b8   0x080059b8   0x0000005c   Code   RO          293    .text.HAL_PCD_SetAddress  stm32f4xx_hal_pcd.o
    0x08005a14   0x08005a14   0x00000018   Code   RO         1951    .text.HAL_PCD_SetupStageCallback  usbd_conf.o
    0x08005a2c   0x08005a2c   0x0000007c   Code   RO          251    .text.HAL_PCD_Start  stm32f4xx_hal_pcd.o
    0x08005aa8   0x08005aa8   0x0000003e   Code   RO         1961    .text.HAL_PCD_SuspendCallback  usbd_conf.o
    0x08005ae6   0x08005ae6   0x00000002   PAD
    0x08005ae8   0x08005ae8   0x000000be   Code   RO          731    .text.HAL_PWREx_EnableOverDrive  stm32f4xx_hal_pwr_ex.o
    0x08005ba6   0x08005ba6   0x00000002   PAD
    0x08005ba8   0x08005ba8   0x0000041c   Code   RO          481    .text.HAL_RCCEx_PeriphCLKConfig  stm32f4xx_hal_rcc_ex.o
    0x08005fc4   0x08005fc4   0x00000262   Code   RO          450    .text.HAL_RCC_ClockConfig  stm32f4xx_hal_rcc.o
    0x08006226   0x08006226   0x00000002   PAD
    0x08006228   0x08006228   0x0000000c   Code   RO          460    .text.HAL_RCC_GetHCLKFreq  stm32f4xx_hal_rcc.o
    0x08006234   0x08006234   0x00000022   Code   RO          462    .text.HAL_RCC_GetPCLK1Freq  stm32f4xx_hal_rcc.o
    0x08006256   0x08006256   0x00000002   PAD
    0x08006258   0x08006258   0x00000022   Code   RO          464    .text.HAL_RCC_GetPCLK2Freq  stm32f4xx_hal_rcc.o
    0x0800627a   0x0800627a   0x00000002   PAD
    0x0800627c   0x0800627c   0x000000e6   Code   RO          452    .text.HAL_RCC_GetSysClockFreq  stm32f4xx_hal_rcc.o
    0x08006362   0x08006362   0x00000002   PAD
    0x08006364   0x08006364   0x000006be   Code   RO          448    .text.HAL_RCC_OscConfig  stm32f4xx_hal_rcc.o
    0x08006a22   0x08006a22   0x00000002   PAD
    0x08006a24   0x08006a24   0x00000078   Code   RO          936    .text.HAL_RTC_GetDate  stm32f4xx_hal_rtc.o
    0x08006a9c   0x08006a9c   0x00000092   Code   RO          930    .text.HAL_RTC_GetTime  stm32f4xx_hal_rtc.o
    0x08006b2e   0x08006b2e   0x00000002   PAD
    0x08006b30   0x08006b30   0x00000112   Code   RO          914    .text.HAL_RTC_Init  stm32f4xx_hal_rtc.o
    0x08006c42   0x08006c42   0x00000002   PAD
    0x08006c44   0x08006c44   0x0000004c   Code   RO           48    .text.HAL_RTC_MspInit  rtc.o
    0x08006c90   0x08006c90   0x00000126   Code   RO          934    .text.HAL_RTC_SetDate  stm32f4xx_hal_rtc.o
    0x08006db6   0x08006db6   0x00000002   PAD
    0x08006db8   0x08006db8   0x00000156   Code   RO          926    .text.HAL_RTC_SetTime  stm32f4xx_hal_rtc.o
    0x08006f0e   0x08006f0e   0x00000002   PAD
    0x08006f10   0x08006f10   0x00000058   Code   RO          952    .text.HAL_RTC_WaitForSynchro  stm32f4xx_hal_rtc.o
    0x08006f68   0x08006f68   0x00000008   Code   RO         1320    .text.HAL_SPI_ErrorCallback  stm32f4xx_hal_spi.o
    0x08006f70   0x08006f70   0x00000230   Code   RO         1316    .text.HAL_SPI_IRQHandler  stm32f4xx_hal_spi.o
    0x080071a0   0x080071a0   0x00000100   Code   RO         1236    .text.HAL_SPI_Init  stm32f4xx_hal_spi.o
    0x080072a0   0x080072a0   0x000000a6   Code   RO           81    .text.HAL_SPI_MspInit  spi.o
    0x08007346   0x08007346   0x00000002   PAD
    0x08007348   0x08007348   0x0000024e   Code   RO         1248    .text.HAL_SPI_Receive  stm32f4xx_hal_spi.o
    0x08007596   0x08007596   0x00000002   PAD
    0x08007598   0x08007598   0x000002a2   Code   RO         1244    .text.HAL_SPI_Transmit  stm32f4xx_hal_spi.o
    0x0800783a   0x0800783a   0x00000002   PAD
    0x0800783c   0x0800783c   0x000003a2   Code   RO         1250    .text.HAL_SPI_TransmitReceive  stm32f4xx_hal_spi.o
    0x08007bde   0x08007bde   0x00000002   PAD
    0x08007be0   0x08007be0   0x00000010   Code   RO          768    .text.HAL_SYSTICK_Config  stm32f4xx_hal_cortex.o
    0x08007bf0   0x08007bf0   0x0000000c   Code   RO         1446    .text.HAL_UARTEx_RxEventCallback  stm32f4xx_hal_uart.o
    0x08007bfc   0x08007bfc   0x00000008   Code   RO         1444    .text.HAL_UART_ErrorCallback  stm32f4xx_hal_uart.o
    0x08007c04   0x08007c04   0x0000042c   Code   RO         1438    .text.HAL_UART_IRQHandler  stm32f4xx_hal_uart.o
    0x08008030   0x08008030   0x0000009e   Code   RO         1354    .text.HAL_UART_Init  stm32f4xx_hal_uart.o
    0x080080ce   0x080080ce   0x00000002   PAD
    0x080080d0   0x080080d0   0x000001c6   Code   RO           99    .text.HAL_UART_MspInit  usart.o
    0x08008296   0x08008296   0x00000002   PAD
    0x08008298   0x08008298   0x00000056   Code   RO         1378    .text.HAL_UART_Receive_IT  stm32f4xx_hal_uart.o
    0x080082ee   0x080082ee   0x00000002   PAD
    0x080082f0   0x080082f0   0x000000e6   Code   RO         1768    .text.HAL_UART_RxCpltCallback  um980.o
    0x080083d6   0x080083d6   0x00000002   PAD
    0x080083d8   0x080083d8   0x00000130   Code   RO         1370    .text.HAL_UART_Transmit  stm32f4xx_hal_uart.o
    0x08008508   0x08008508   0x00000008   Code   RO         1452    .text.HAL_UART_TxCpltCallback  stm32f4xx_hal_uart.o
    0x08008510   0x08008510   0x00000004   Code   RO          119    .text.HardFault_Handler  stm32f4xx_it.o
    0x08008514   0x08008514   0x0000007a   Code   RO         1909    .text.IntToUnicode  usbd_desc.o
    0x0800858e   0x0800858e   0x00000002   PAD
    0x08008590   0x08008590   0x000001c2   Code   RO          212    .text.LoadConfigFromFile  fatfs.o
    0x08008752   0x08008752   0x00000002   PAD
    0x08008754   0x08008754   0x0000009e   Code   RO         1179    .text.MMC_DMAError  stm32f4xx_hal_mmc.o
    0x080087f2   0x080087f2   0x00000002   PAD
    0x080087f4   0x080087f4   0x00000062   Code   RO         1177    .text.MMC_DMAReceiveCplt  stm32f4xx_hal_mmc.o
    0x08008856   0x08008856   0x00000002   PAD
    0x08008858   0x08008858   0x0000007c   Code   RO         1201    .text.MMC_DMARxAbort  stm32f4xx_hal_mmc.o
    0x080088d4   0x080088d4   0x0000001a   Code   RO         1183    .text.MMC_DMATransmitCplt  stm32f4xx_hal_mmc.o
    0x080088ee   0x080088ee   0x00000002   PAD
    0x080088f0   0x080088f0   0x0000007c   Code   RO         1199    .text.MMC_DMATxAbort  stm32f4xx_hal_mmc.o
    0x0800896c   0x0800896c   0x000001e2   Code   RO         1159    .text.MMC_InitCard  stm32f4xx_hal_mmc.o
    0x08008b4e   0x08008b4e   0x00000002   PAD
    0x08008b50   0x08008b50   0x000000aa   Code   RO         1157    .text.MMC_PowerON   stm32f4xx_hal_mmc.o
    0x08008bfa   0x08008bfa   0x00000002   PAD
    0x08008bfc   0x08008bfc   0x00000138   Code   RO         1219    .text.MMC_PwrClassUpdate  stm32f4xx_hal_mmc.o
    0x08008d34   0x08008d34   0x0000015c   Code   RO         1213    .text.MMC_ReadExtCSD  stm32f4xx_hal_mmc.o
    0x08008e90   0x08008e90   0x0000009c   Code   RO         1189    .text.MMC_Read_IT   stm32f4xx_hal_mmc.o
    0x08008f2c   0x08008f2c   0x0000004e   Code   RO         1223    .text.MMC_SendStatus  stm32f4xx_hal_mmc.o
    0x08008f7a   0x08008f7a   0x00000002   PAD
    0x08008f7c   0x08008f7c   0x000000a8   Code   RO         1197    .text.MMC_Write_IT  stm32f4xx_hal_mmc.o
    0x08009024   0x08009024   0x0000008c   Code   RO         2180    .text.MSC_BOT_Abort  usbd_msc_bot.o
    0x080090b0   0x080090b0   0x00000130   Code   RO         2176    .text.MSC_BOT_CBW_Decode  usbd_msc_bot.o
    0x080091e0   0x080091e0   0x00000076   Code   RO         2178    .text.MSC_BOT_CplClrFeature  usbd_msc_bot.o
    0x08009256   0x08009256   0x00000002   PAD
    0x08009258   0x08009258   0x0000006e   Code   RO         2170    .text.MSC_BOT_DataIn  usbd_msc_bot.o
    0x080092c6   0x080092c6   0x00000002   PAD
    0x080092c8   0x080092c8   0x00000068   Code   RO         2174    .text.MSC_BOT_DataOut  usbd_msc_bot.o
    0x08009330   0x08009330   0x00000026   Code   RO         2168    .text.MSC_BOT_DeInit  usbd_msc_bot.o
    0x08009356   0x08009356   0x00000002   PAD
    0x08009358   0x08009358   0x00000086   Code   RO         2164    .text.MSC_BOT_Init  usbd_msc_bot.o
    0x080093de   0x080093de   0x00000002   PAD
    0x080093e0   0x080093e0   0x00000064   Code   RO         2166    .text.MSC_BOT_Reset  usbd_msc_bot.o
    0x08009444   0x08009444   0x00000076   Code   RO         2172    .text.MSC_BOT_SendCSW  usbd_msc_bot.o
    0x080094ba   0x080094ba   0x00000002   PAD
    0x080094bc   0x080094bc   0x0000007a   Code   RO         2182    .text.MSC_BOT_SendData  usbd_msc_bot.o
    0x08009536   0x08009536   0x00000002   PAD
    0x08009538   0x08009538   0x00000052   Code   RO           38    .text.MX_DMA_Init   dma.o
    0x0800958a   0x0800958a   0x00000002   PAD
    0x0800958c   0x0800958c   0x00000022   Code   RO          192    .text.MX_FATFS_Init  fatfs.o
    0x080095ae   0x080095ae   0x00000002   PAD
    0x080095b0   0x080095b0   0x00000240   Code   RO           30    .text.MX_GPIO_Init  gpio.o
    0x080097f0   0x080097f0   0x00000118   Code   RO           46    .text.MX_RTC_Init   rtc.o
    0x08009908   0x08009908   0x0000007a   Code   RO           62    .text.MX_SDIO_MMC_Init  sdio.o
    0x08009982   0x08009982   0x00000002   PAD
    0x08009984   0x08009984   0x0000004e   Code   RO           79    .text.MX_SPI4_Init  spi.o
    0x080099d2   0x080099d2   0x00000002   PAD
    0x080099d4   0x080099d4   0x00000040   Code   RO           93    .text.MX_USART1_UART_Init  usart.o
    0x08009a14   0x08009a14   0x00000040   Code   RO           95    .text.MX_USART2_UART_Init  usart.o
    0x08009a54   0x08009a54   0x00000052   Code   RO           97    .text.MX_USART6_UART_Init  usart.o
    0x08009aa6   0x08009aa6   0x00000002   PAD
    0x08009aa8   0x08009aa8   0x00000076   Code   RO         1884    .text.MX_USB_DEVICE_Init  usb_device.o
    0x08009b1e   0x08009b1e   0x00000002   PAD
    0x08009b20   0x08009b20   0x00000206   Code   RO         1798    .text.MainLoop_StateMachine  data_fusion.o
    0x08009d26   0x08009d26   0x00000002   PAD
    0x08009d28   0x08009d28   0x00000004   Code   RO          121    .text.MemManage_Handler  stm32f4xx_it.o
    0x08009d2c   0x08009d2c   0x00000004   Code   RO          117    .text.NMI_Handler   stm32f4xx_it.o
    0x08009d30   0x08009d30   0x0000006c   Code   RO          754    .text.NVIC_EncodePriority  stm32f4xx_hal_cortex.o
    0x08009d9c   0x08009d9c   0x00000010   Code   RO          147    .text.OTG_HS_IRQHandler  stm32f4xx_it.o
    0x08009dac   0x08009dac   0x0000008a   Code   RO          259    .text.PCD_EP_OutSetupPacket_int  stm32f4xx_hal_pcd.o
    0x08009e36   0x08009e36   0x00000002   PAD
    0x08009e38   0x08009e38   0x000001c8   Code   RO          257    .text.PCD_EP_OutXfrComplete_int  stm32f4xx_hal_pcd.o
    0x0800a000   0x0800a000   0x00000132   Code   RO          267    .text.PCD_WriteEmptyTxFifo  stm32f4xx_hal_pcd.o
    0x0800a132   0x0800a132   0x00000002   PAD
    0x0800a134   0x0800a134   0x00000002   Code   RO          131    .text.PendSV_Handler  stm32f4xx_it.o
    0x0800a136   0x0800a136   0x00000002   PAD
    0x0800a138   0x0800a138   0x0000009c   Code   RO         1766    .text.PerformTimeSync  um980.o
    0x0800a1d4   0x0800a1d4   0x000000ea   Code   RO         1808    .text.PrintBufferStatus  data_fusion.o
    0x0800a2be   0x0800a2be   0x00000002   PAD
    0x0800a2c0   0x0800a2c0   0x0000010a   Code   RO         1806    .text.ProcessBuffers  data_fusion.o
    0x0800a3ca   0x0800a3ca   0x00000002   PAD
    0x0800a3cc   0x0800a3cc   0x00000494   Code   RO         1802    .text.ProcessSubStateMachine  data_fusion.o
    0x0800a860   0x0800a860   0x0000002a   Code   RO          932    .text.RTC_Bcd2ToByte  stm32f4xx_hal_rtc.o
    0x0800a88a   0x0800a88a   0x00000002   PAD
    0x0800a88c   0x0800a88c   0x0000003a   Code   RO          928    .text.RTC_ByteToBcd2  stm32f4xx_hal_rtc.o
    0x0800a8c6   0x0800a8c6   0x00000002   PAD
    0x0800a8c8   0x0800a8c8   0x00000082   Code   RO          918    .text.RTC_EnterInitMode  stm32f4xx_hal_rtc.o
    0x0800a94a   0x0800a94a   0x00000002   PAD
    0x0800a94c   0x0800a94c   0x00000048   Code   RO          920    .text.RTC_ExitInitMode  stm32f4xx_hal_rtc.o
    0x0800a994   0x0800a994   0x00000058   Code   RO         2210    .text.SCSI_AllowPreventRemovable  usbd_msc_scsi.o
    0x0800a9ec   0x0800a9ec   0x00000064   Code   RO         2236    .text.SCSI_CheckAddressRange  usbd_msc_scsi.o
    0x0800aa50   0x0800aa50   0x00000106   Code   RO         2206    .text.SCSI_Inquiry  usbd_msc_scsi.o
    0x0800ab56   0x0800ab56   0x00000002   PAD
    0x0800ab58   0x0800ab58   0x00000096   Code   RO         2214    .text.SCSI_ModeSense10  usbd_msc_scsi.o
    0x0800abee   0x0800abee   0x00000002   PAD
    0x0800abf0   0x0800abf0   0x00000096   Code   RO         2212    .text.SCSI_ModeSense6  usbd_msc_scsi.o
    0x0800ac86   0x0800ac86   0x00000002   PAD
    0x0800ac88   0x0800ac88   0x000001e6   Code   RO         2200    .text.SCSI_ProcessCmd  usbd_msc_scsi.o
    0x0800ae6e   0x0800ae6e   0x00000002   PAD
    0x0800ae70   0x0800ae70   0x00000114   Code   RO         2238    .text.SCSI_ProcessRead  usbd_msc_scsi.o
    0x0800af84   0x0800af84   0x0000014a   Code   RO         2240    .text.SCSI_ProcessWrite  usbd_msc_scsi.o
    0x0800b0ce   0x0800b0ce   0x00000002   PAD
    0x0800b0d0   0x0800b0d0   0x00000144   Code   RO         2222    .text.SCSI_Read10   usbd_msc_scsi.o
    0x0800b214   0x0800b214   0x00000144   Code   RO         2224    .text.SCSI_Read12   usbd_msc_scsi.o
    0x0800b358   0x0800b358   0x000000d4   Code   RO         2218    .text.SCSI_ReadCapacity10  usbd_msc_scsi.o
    0x0800b42c   0x0800b42c   0x0000010c   Code   RO         2220    .text.SCSI_ReadCapacity16  usbd_msc_scsi.o
    0x0800b538   0x0800b538   0x000000fc   Code   RO         2216    .text.SCSI_ReadFormatCapacity  usbd_msc_scsi.o
    0x0800b634   0x0800b634   0x00000112   Code   RO         2204    .text.SCSI_RequestSense  usbd_msc_scsi.o
    0x0800b746   0x0800b746   0x00000002   PAD
    0x0800b748   0x0800b748   0x00000082   Code   RO         2232    .text.SCSI_SenseCode  usbd_msc_scsi.o
    0x0800b7ca   0x0800b7ca   0x00000002   PAD
    0x0800b7cc   0x0800b7cc   0x000000bc   Code   RO         2208    .text.SCSI_StartStopUnit  usbd_msc_scsi.o
    0x0800b888   0x0800b888   0x000000be   Code   RO         2202    .text.SCSI_TestUnitReady  usbd_msc_scsi.o
    0x0800b946   0x0800b946   0x00000002   PAD
    0x0800b948   0x0800b948   0x0000005c   Code   RO         2234    .text.SCSI_UpdateBotData  usbd_msc_scsi.o
    0x0800b9a4   0x0800b9a4   0x00000084   Code   RO         2230    .text.SCSI_Verify10  usbd_msc_scsi.o
    0x0800ba28   0x0800ba28   0x000001ae   Code   RO         2226    .text.SCSI_Write10  usbd_msc_scsi.o
    0x0800bbd6   0x0800bbd6   0x00000002   PAD
    0x0800bbd8   0x0800bbd8   0x000001ba   Code   RO         2228    .text.SCSI_Write12  usbd_msc_scsi.o
    0x0800bd92   0x0800bd92   0x00000002   PAD
    0x0800bd94   0x0800bd94   0x00000048   Code   RO         1068    .text.SDIO_ConfigData  stm32f4xx_ll_sdmmc.o
    0x0800bddc   0x0800bddc   0x0000000e   Code   RO         1064    .text.SDIO_GetCommandResponse  stm32f4xx_ll_sdmmc.o
    0x0800bdea   0x0800bdea   0x00000002   PAD
    0x0800bdec   0x0800bdec   0x00000010   Code   RO         1060    .text.SDIO_GetPowerState  stm32f4xx_ll_sdmmc.o
    0x0800bdfc   0x0800bdfc   0x00000018   Code   RO         1066    .text.SDIO_GetResponse  stm32f4xx_ll_sdmmc.o
    0x0800be14   0x0800be14   0x00000010   Code   RO          139    .text.SDIO_IRQHandler  stm32f4xx_it.o
    0x0800be24   0x0800be24   0x0000005a   Code   RO         1050    .text.SDIO_Init     stm32f4xx_ll_sdmmc.o
    0x0800be7e   0x0800be7e   0x00000002   PAD
    0x0800be80   0x0800be80   0x00000010   Code   RO         1056    .text.SDIO_PowerState_ON  stm32f4xx_ll_sdmmc.o
    0x0800be90   0x0800be90   0x0000000e   Code   RO         1052    .text.SDIO_ReadFIFO  stm32f4xx_ll_sdmmc.o
    0x0800be9e   0x0800be9e   0x00000002   PAD
    0x0800bea0   0x0800bea0   0x00000042   Code   RO         1062    .text.SDIO_SendCommand  stm32f4xx_ll_sdmmc.o
    0x0800bee2   0x0800bee2   0x00000002   PAD
    0x0800bee4   0x0800bee4   0x00000016   Code   RO         1054    .text.SDIO_WriteFIFO  stm32f4xx_ll_sdmmc.o
    0x0800befa   0x0800befa   0x00000002   PAD
    0x0800befc   0x0800befc   0x0000003c   Code   RO         1076    .text.SDMMC_CmdBlockLength  stm32f4xx_ll_sdmmc.o
    0x0800bf38   0x0800bf38   0x0000002c   Code   RO         1102    .text.SDMMC_CmdGoIdleState  stm32f4xx_ll_sdmmc.o
    0x0800bf64   0x0800bf64   0x00000034   Code   RO         1136    .text.SDMMC_CmdOpCondition  stm32f4xx_ll_sdmmc.o
    0x0800bf98   0x0800bf98   0x0000003c   Code   RO         1082    .text.SDMMC_CmdReadMultiBlock  stm32f4xx_ll_sdmmc.o
    0x0800bfd4   0x0800bfd4   0x0000003c   Code   RO         1080    .text.SDMMC_CmdReadSingleBlock  stm32f4xx_ll_sdmmc.o
    0x0800c010   0x0800c010   0x0000003e   Code   RO         1100    .text.SDMMC_CmdSelDesel  stm32f4xx_ll_sdmmc.o
    0x0800c04e   0x0800c04e   0x00000002   PAD
    0x0800c050   0x0800c050   0x00000030   Code   RO         1120    .text.SDMMC_CmdSendCID  stm32f4xx_ll_sdmmc.o
    0x0800c080   0x0800c080   0x00000034   Code   RO         1124    .text.SDMMC_CmdSendCSD  stm32f4xx_ll_sdmmc.o
    0x0800c0b4   0x0800c0b4   0x0000003c   Code   RO         1140    .text.SDMMC_CmdSendEXTCSD  stm32f4xx_ll_sdmmc.o
    0x0800c0f0   0x0800c0f0   0x0000003c   Code   RO         1132    .text.SDMMC_CmdSendStatus  stm32f4xx_ll_sdmmc.o
    0x0800c12c   0x0800c12c   0x00000042   Code   RO         1130    .text.SDMMC_CmdSetRelAddMmc  stm32f4xx_ll_sdmmc.o
    0x0800c16e   0x0800c16e   0x00000002   PAD
    0x0800c170   0x0800c170   0x0000003c   Code   RO         1098    .text.SDMMC_CmdStopTransfer  stm32f4xx_ll_sdmmc.o
    0x0800c1ac   0x0800c1ac   0x0000003c   Code   RO         1138    .text.SDMMC_CmdSwitch  stm32f4xx_ll_sdmmc.o
    0x0800c1e8   0x0800c1e8   0x0000003c   Code   RO         1086    .text.SDMMC_CmdWriteMultiBlock  stm32f4xx_ll_sdmmc.o
    0x0800c224   0x0800c224   0x0000003c   Code   RO         1084    .text.SDMMC_CmdWriteSingleBlock  stm32f4xx_ll_sdmmc.o
    0x0800c260   0x0800c260   0x0000005a   Code   RO         1104    .text.SDMMC_GetCmdError  stm32f4xx_ll_sdmmc.o
    0x0800c2ba   0x0800c2ba   0x00000002   PAD
    0x0800c2bc   0x0800c2bc   0x00000246   Code   RO         1078    .text.SDMMC_GetCmdResp1  stm32f4xx_ll_sdmmc.o
    0x0800c502   0x0800c502   0x00000002   PAD
    0x0800c504   0x0800c504   0x000000a8   Code   RO         1122    .text.SDMMC_GetCmdResp2  stm32f4xx_ll_sdmmc.o
    0x0800c5ac   0x0800c5ac   0x00000092   Code   RO         1114    .text.SDMMC_GetCmdResp3  stm32f4xx_ll_sdmmc.o
    0x0800c63e   0x0800c63e   0x00000002   PAD
    0x0800c640   0x0800c640   0x00000010   Code   RO          149    .text.SPI4_IRQHandler  stm32f4xx_it.o
    0x0800c650   0x0800c650   0x00000020   Code   RO         1318    .text.SPI_DMAAbortOnError  stm32f4xx_hal_spi.o
    0x0800c670   0x0800c670   0x000000e4   Code   RO         1252    .text.SPI_EndRxTransaction  stm32f4xx_hal_spi.o
    0x0800c754   0x0800c754   0x000000cc   Code   RO         1246    .text.SPI_EndRxTxTransaction  stm32f4xx_hal_spi.o
    0x0800c820   0x0800c820   0x0000012a   Code   RO         1344    .text.SPI_WaitFlagStateUntilTimeout  stm32f4xx_hal_spi.o
    0x0800c94a   0x0800c94a   0x00000002   PAD
    0x0800c94c   0x0800c94c   0x0000005e   Code   RO         1926    .text.STORAGE_GetCapacity_HS  usbd_storage_if.o
    0x0800c9aa   0x0800c9aa   0x00000002   PAD
    0x0800c9ac   0x0800c9ac   0x00000004   Code   RO         1936    .text.STORAGE_GetMaxLun_HS  usbd_storage_if.o
    0x0800c9b0   0x0800c9b0   0x0000000c   Code   RO         1924    .text.STORAGE_Init_HS  usbd_storage_if.o
    0x0800c9bc   0x0800c9bc   0x00000030   Code   RO         1928    .text.STORAGE_IsReady_HS  usbd_storage_if.o
    0x0800c9ec   0x0800c9ec   0x0000000c   Code   RO         1930    .text.STORAGE_IsWriteProtected_HS  usbd_storage_if.o
    0x0800c9f8   0x0800c9f8   0x00000074   Code   RO         1932    .text.STORAGE_Read_HS  usbd_storage_if.o
    0x0800ca6c   0x0800ca6c   0x00000074   Code   RO         1934    .text.STORAGE_Write_HS  usbd_storage_if.o
    0x0800cae0   0x0800cae0   0x00000002   Code   RO          127    .text.SVC_Handler   stm32f4xx_it.o
    0x0800cae2   0x0800cae2   0x00000002   PAD
    0x0800cae4   0x0800cae4   0x00000036   Code   RO         2097    .text.SWAPBYTE      usbd_ctlreq.o
    0x0800cb1a   0x0800cb1a   0x00000002   PAD
    0x0800cb1c   0x0800cb1c   0x00000098   Code   RO         1812    .text.SafeCloseCurrentFile  data_fusion.o
    0x0800cbb4   0x0800cbb4   0x00000102   Code   RO         1760    .text.Set_RTC_From_GPZDA_BIN  um980.o
    0x0800ccb6   0x0800ccb6   0x00000002   PAD
    0x0800ccb8   0x0800ccb8   0x00000008   Code   RO         1800    .text.Soft_Reset    data_fusion.o
    0x0800ccc0   0x0800ccc0   0x00000052   Code   RO          770    .text.SysTick_Config  stm32f4xx_hal_cortex.o
    0x0800cd12   0x0800cd12   0x00000002   PAD
    0x0800cd14   0x0800cd14   0x00000008   Code   RO          133    .text.SysTick_Handler  stm32f4xx_it.o
    0x0800cd1c   0x0800cd1c   0x000000ca   Code   RO           13    .text.SystemClock_Config  main.o
    0x0800cde6   0x0800cde6   0x00000002   PAD
    0x0800cde8   0x0800cde8   0x00000012   Code   RO         1486    .text.SystemInit    system_stm32f4xx.o
    0x0800cdfa   0x0800cdfa   0x00000002   PAD
    0x0800cdfc   0x0800cdfc   0x00000020   Code   RO         1442    .text.UART_DMAAbortOnError  stm32f4xx_hal_uart.o
    0x0800ce1c   0x0800ce1c   0x00000094   Code   RO         1402    .text.UART_EndRxTransfer  stm32f4xx_hal_uart.o
    0x0800ceb0   0x0800ceb0   0x00000026   Code   RO         1450    .text.UART_EndTransmit_IT  stm32f4xx_hal_uart.o
    0x0800ced6   0x0800ced6   0x00000002   PAD
    0x0800ced8   0x0800ced8   0x0000016a   Code   RO         1440    .text.UART_Receive_IT  stm32f4xx_hal_uart.o
    0x0800d042   0x0800d042   0x00000002   PAD
    0x0800d044   0x0800d044   0x0000013a   Code   RO         1358    .text.UART_SetConfig  stm32f4xx_hal_uart.o
    0x0800d17e   0x0800d17e   0x00000002   PAD
    0x0800d180   0x0800d180   0x00000062   Code   RO         1380    .text.UART_Start_Receive_IT  stm32f4xx_hal_uart.o
    0x0800d1e2   0x0800d1e2   0x00000002   PAD
    0x0800d1e4   0x0800d1e4   0x00000094   Code   RO         1448    .text.UART_Transmit_IT  stm32f4xx_hal_uart.o
    0x0800d278   0x0800d278   0x000000da   Code   RO         1372    .text.UART_WaitOnFlagUntilTimeout  stm32f4xx_hal_uart.o
    0x0800d352   0x0800d352   0x00000002   PAD
    0x0800d354   0x0800d354   0x00000040   Code   RO         1756    .text.UM980_StatusCheck  um980.o
    0x0800d394   0x0800d394   0x00000010   Code   RO          135    .text.USART1_IRQHandler  stm32f4xx_it.o
    0x0800d3a4   0x0800d3a4   0x00000010   Code   RO          137    .text.USART2_IRQHandler  stm32f4xx_it.o
    0x0800d3b4   0x0800d3b4   0x00000010   Code   RO          145    .text.USART6_IRQHandler  stm32f4xx_it.o
    0x0800d3c4   0x0800d3c4   0x00000032   Code   RO         2032    .text.USBD_ClrClassConfig  usbd_core.o
    0x0800d3f6   0x0800d3f6   0x00000002   PAD
    0x0800d3f8   0x0800d3f8   0x00000040   Code   RO         2087    .text.USBD_ClrFeature  usbd_ctlreq.o
    0x0800d438   0x0800d438   0x0000000e   Code   RO         2040    .text.USBD_CoreFindEP  usbd_core.o
    0x0800d446   0x0800d446   0x00000002   PAD
    0x0800d448   0x0800d448   0x0000000e   Code   RO         2038    .text.USBD_CoreFindIF  usbd_core.o
    0x0800d456   0x0800d456   0x00000002   PAD
    0x0800d458   0x0800d458   0x0000001e   Code   RO         2117    .text.USBD_CtlContinueRx  usbd_ioreq.o
    0x0800d476   0x0800d476   0x00000002   PAD
    0x0800d478   0x0800d478   0x0000001e   Code   RO         2113    .text.USBD_CtlContinueSendData  usbd_ioreq.o
    0x0800d496   0x0800d496   0x00000002   PAD
    0x0800d498   0x0800d498   0x0000001c   Code   RO         2089    .text.USBD_CtlError  usbd_ctlreq.o
    0x0800d4b4   0x0800d4b4   0x00000022   Code   RO         2121    .text.USBD_CtlReceiveStatus  usbd_ioreq.o
    0x0800d4d6   0x0800d4d6   0x00000002   PAD
    0x0800d4d8   0x0800d4d8   0x00000032   Code   RO         2111    .text.USBD_CtlSendData  usbd_ioreq.o
    0x0800d50a   0x0800d50a   0x00000002   PAD
    0x0800d50c   0x0800d50c   0x00000022   Code   RO         2119    .text.USBD_CtlSendStatus  usbd_ioreq.o
    0x0800d52e   0x0800d52e   0x00000002   PAD
    0x0800d530   0x0800d530   0x00000064   Code   RO         2081    .text.USBD_GetConfig  usbd_ctlreq.o
    0x0800d594   0x0800d594   0x000002d8   Code   RO         2075    .text.USBD_GetDescriptor  usbd_ctlreq.o
    0x0800d86c   0x0800d86c   0x00000076   Code   RO         2062    .text.USBD_GetEpDesc  usbd_core.o
    0x0800d8e2   0x0800d8e2   0x00000002   PAD
    0x0800d8e4   0x0800d8e4   0x00000032   Code   RO         2101    .text.USBD_GetLen   usbd_ctlreq.o
    0x0800d916   0x0800d916   0x00000002   PAD
    0x0800d918   0x0800d918   0x00000026   Code   RO         2064    .text.USBD_GetNextDesc  usbd_core.o
    0x0800d93e   0x0800d93e   0x00000002   PAD
    0x0800d940   0x0800d940   0x00000062   Code   RO         2083    .text.USBD_GetStatus  usbd_ctlreq.o
    0x0800d9a2   0x0800d9a2   0x00000002   PAD
    0x0800d9a4   0x0800d9a4   0x000000bc   Code   RO         2099    .text.USBD_GetString  usbd_ctlreq.o
    0x0800da60   0x0800da60   0x00000052   Code   RO         1977    .text.USBD_Get_USB_Status  usbd_conf.o
    0x0800dab2   0x0800dab2   0x00000002   PAD
    0x0800dab4   0x0800dab4   0x0000004e   Code   RO         1903    .text.USBD_HS_ConfigStrDescriptor  usbd_desc.o
    0x0800db02   0x0800db02   0x00000002   PAD
    0x0800db04   0x0800db04   0x0000001a   Code   RO         1893    .text.USBD_HS_DeviceDescriptor  usbd_desc.o
    0x0800db1e   0x0800db1e   0x00000002   PAD
    0x0800db20   0x0800db20   0x0000004e   Code   RO         1905    .text.USBD_HS_InterfaceStrDescriptor  usbd_desc.o
    0x0800db6e   0x0800db6e   0x00000002   PAD
    0x0800db70   0x0800db70   0x0000001a   Code   RO         1895    .text.USBD_HS_LangIDStrDescriptor  usbd_desc.o
    0x0800db8a   0x0800db8a   0x00000002   PAD
    0x0800db8c   0x0800db8c   0x00000028   Code   RO         1897    .text.USBD_HS_ManufacturerStrDescriptor  usbd_desc.o
    0x0800dbb4   0x0800dbb4   0x0000004e   Code   RO         1899    .text.USBD_HS_ProductStrDescriptor  usbd_desc.o
    0x0800dc02   0x0800dc02   0x00000002   PAD
    0x0800dc04   0x0800dc04   0x00000020   Code   RO         1901    .text.USBD_HS_SerialStrDescriptor  usbd_desc.o
    0x0800dc24   0x0800dc24   0x0000006a   Code   RO         2018    .text.USBD_Init     usbd_core.o
    0x0800dc8e   0x0800dc8e   0x00000002   PAD
    0x0800dc90   0x0800dc90   0x0000003a   Code   RO         1991    .text.USBD_LL_ClearStallEP  usbd_conf.o
    0x0800dcca   0x0800dcca   0x00000002   PAD
    0x0800dccc   0x0800dccc   0x0000003a   Code   RO         1985    .text.USBD_LL_CloseEP  usbd_conf.o
    0x0800dd06   0x0800dd06   0x00000002   PAD
    0x0800dd08   0x0800dd08   0x00000190   Code   RO         2042    .text.USBD_LL_DataInStage  usbd_core.o
    0x0800de98   0x0800de98   0x000001b2   Code   RO         2036    .text.USBD_LL_DataOutStage  usbd_core.o
    0x0800e04a   0x0800e04a   0x00000002   PAD
    0x0800e04c   0x0800e04c   0x0000000a   Code   RO         2058    .text.USBD_LL_DevConnected  usbd_core.o
    0x0800e056   0x0800e056   0x00000002   PAD
    0x0800e058   0x0800e058   0x00000040   Code   RO         2060    .text.USBD_LL_DevDisconnected  usbd_core.o
    0x0800e098   0x0800e098   0x0000003a   Code   RO         1987    .text.USBD_LL_FlushEP  usbd_conf.o
    0x0800e0d2   0x0800e0d2   0x00000002   PAD
    0x0800e0d4   0x0800e0d4   0x0000001c   Code   RO         2001    .text.USBD_LL_GetRxDataSize  usbd_conf.o
    0x0800e0f0   0x0800e0f0   0x00000088   Code   RO         1973    .text.USBD_LL_Init  usbd_conf.o
    0x0800e178   0x0800e178   0x0000005a   Code   RO         1993    .text.USBD_LL_IsStallEP  usbd_conf.o
    0x0800e1d2   0x0800e1d2   0x00000002   PAD
    0x0800e1d4   0x0800e1d4   0x0000006e   Code   RO         2054    .text.USBD_LL_IsoINIncomplete  usbd_core.o
    0x0800e242   0x0800e242   0x00000002   PAD
    0x0800e244   0x0800e244   0x0000006e   Code   RO         2056    .text.USBD_LL_IsoOUTIncomplete  usbd_core.o
    0x0800e2b2   0x0800e2b2   0x00000002   PAD
    0x0800e2b4   0x0800e2b4   0x0000004a   Code   RO         1983    .text.USBD_LL_OpenEP  usbd_conf.o
    0x0800e2fe   0x0800e2fe   0x00000002   PAD
    0x0800e300   0x0800e300   0x00000042   Code   RO         1999    .text.USBD_LL_PrepareReceive  usbd_conf.o
    0x0800e342   0x0800e342   0x00000002   PAD
    0x0800e344   0x0800e344   0x0000009c   Code   RO         2044    .text.USBD_LL_Reset  usbd_core.o
    0x0800e3e0   0x0800e3e0   0x00000024   Code   RO         2050    .text.USBD_LL_Resume  usbd_core.o
    0x0800e404   0x0800e404   0x0000003e   Code   RO         2052    .text.USBD_LL_SOF   usbd_core.o
    0x0800e442   0x0800e442   0x00000002   PAD
    0x0800e444   0x0800e444   0x00000016   Code   RO         2046    .text.USBD_LL_SetSpeed  usbd_core.o
    0x0800e45a   0x0800e45a   0x00000002   PAD
    0x0800e45c   0x0800e45c   0x0000003a   Code   RO         1995    .text.USBD_LL_SetUSBAddress  usbd_conf.o
    0x0800e496   0x0800e496   0x00000002   PAD
    0x0800e498   0x0800e498   0x00000094   Code   RO         2034    .text.USBD_LL_SetupStage  usbd_core.o
    0x0800e52c   0x0800e52c   0x0000003a   Code   RO         1989    .text.USBD_LL_StallEP  usbd_conf.o
    0x0800e566   0x0800e566   0x00000002   PAD
    0x0800e568   0x0800e568   0x00000032   Code   RO         1979    .text.USBD_LL_Start  usbd_conf.o
    0x0800e59a   0x0800e59a   0x00000002   PAD
    0x0800e59c   0x0800e59c   0x0000002c   Code   RO         2048    .text.USBD_LL_Suspend  usbd_core.o
    0x0800e5c8   0x0800e5c8   0x00000042   Code   RO         1997    .text.USBD_LL_Transmit  usbd_conf.o
    0x0800e60a   0x0800e60a   0x00000002   PAD
    0x0800e60c   0x0800e60c   0x0000001a   Code   RO         2138    .text.USBD_MSC_DataIn  usbd_msc.o
    0x0800e626   0x0800e626   0x00000002   PAD
    0x0800e628   0x0800e628   0x0000001a   Code   RO         2140    .text.USBD_MSC_DataOut  usbd_msc.o
    0x0800e642   0x0800e642   0x00000002   PAD
    0x0800e644   0x0800e644   0x000000a6   Code   RO         2134    .text.USBD_MSC_DeInit  usbd_msc.o
    0x0800e6ea   0x0800e6ea   0x00000002   PAD
    0x0800e6ec   0x0800e6ec   0x00000016   Code   RO         2148    .text.USBD_MSC_GetDeviceQualifierDescriptor  usbd_msc.o
    0x0800e702   0x0800e702   0x00000002   PAD
    0x0800e704   0x0800e704   0x00000052   Code   RO         2144    .text.USBD_MSC_GetFSCfgDesc  usbd_msc.o
    0x0800e756   0x0800e756   0x00000002   PAD
    0x0800e758   0x0800e758   0x00000056   Code   RO         2142    .text.USBD_MSC_GetHSCfgDesc  usbd_msc.o
    0x0800e7ae   0x0800e7ae   0x00000002   PAD
    0x0800e7b0   0x0800e7b0   0x00000052   Code   RO         2146    .text.USBD_MSC_GetOtherSpeedCfgDesc  usbd_msc.o
    0x0800e802   0x0800e802   0x00000002   PAD
    0x0800e804   0x0800e804   0x00000138   Code   RO         2132    .text.USBD_MSC_Init  usbd_msc.o
    0x0800e93c   0x0800e93c   0x00000034   Code   RO         2150    .text.USBD_MSC_RegisterStorage  usbd_msc.o
    0x0800e970   0x0800e970   0x000001fc   Code   RO         2136    .text.USBD_MSC_Setup  usbd_msc.o
    0x0800eb6c   0x0800eb6c   0x00000062   Code   RO         2095    .text.USBD_ParseSetupRequest  usbd_ctlreq.o
    0x0800ebce   0x0800ebce   0x00000002   PAD
    0x0800ebd0   0x0800ebd0   0x00000072   Code   RO         2022    .text.USBD_RegisterClass  usbd_core.o
    0x0800ec42   0x0800ec42   0x00000002   PAD
    0x0800ec44   0x0800ec44   0x0000000a   Code   RO         2028    .text.USBD_RunTestMode  usbd_core.o
    0x0800ec4e   0x0800ec4e   0x00000002   PAD
    0x0800ec50   0x0800ec50   0x0000008c   Code   RO         2077    .text.USBD_SetAddress  usbd_ctlreq.o
    0x0800ecdc   0x0800ecdc   0x00000036   Code   RO         2030    .text.USBD_SetClassConfig  usbd_core.o
    0x0800ed12   0x0800ed12   0x00000002   PAD
    0x0800ed14   0x0800ed14   0x0000017e   Code   RO         2079    .text.USBD_SetConfig  usbd_ctlreq.o
    0x0800ee92   0x0800ee92   0x00000002   PAD
    0x0800ee94   0x0800ee94   0x0000004e   Code   RO         2085    .text.USBD_SetFeature  usbd_ctlreq.o
    0x0800eee2   0x0800eee2   0x00000002   PAD
    0x0800eee4   0x0800eee4   0x00000010   Code   RO         2024    .text.USBD_Start    usbd_core.o
    0x0800eef4   0x0800eef4   0x000000cc   Code   RO         2073    .text.USBD_StdDevReq  usbd_ctlreq.o
    0x0800efc0   0x0800efc0   0x000003ac   Code   RO         2093    .text.USBD_StdEPReq  usbd_ctlreq.o
    0x0800f36c   0x0800f36c   0x000000f4   Code   RO         2091    .text.USBD_StdItfReq  usbd_ctlreq.o
    0x0800f460   0x0800f460   0x00000008   Code   RO         2005    .text.USBD_static_free  usbd_conf.o
    0x0800f468   0x0800f468   0x00000010   Code   RO         2003    .text.USBD_static_malloc  usbd_conf.o
    0x0800f478   0x0800f478   0x000000de   Code   RO          365    .text.USB_ActivateEndpoint  stm32f4xx_ll_usb.o
    0x0800f556   0x0800f556   0x00000002   PAD
    0x0800f558   0x0800f558   0x0000002c   Code   RO          407    .text.USB_ActivateSetup  stm32f4xx_ll_usb.o
    0x0800f584   0x0800f584   0x000000d6   Code   RO          341    .text.USB_CoreInit  stm32f4xx_ll_usb.o
    0x0800f65a   0x0800f65a   0x00000002   PAD
    0x0800f65c   0x0800f65c   0x00000076   Code   RO          343    .text.USB_CoreReset  stm32f4xx_ll_usb.o
    0x0800f6d2   0x0800f6d2   0x00000002   PAD
    0x0800f6d4   0x0800f6d4   0x00000138   Code   RO          369    .text.USB_DeactivateEndpoint  stm32f4xx_ll_usb.o
    0x0800f80c   0x0800f80c   0x0000002a   Code   RO          389    .text.USB_DevConnect  stm32f4xx_ll_usb.o
    0x0800f836   0x0800f836   0x00000002   PAD
    0x0800f838   0x0800f838   0x0000002a   Code   RO          391    .text.USB_DevDisconnect  stm32f4xx_ll_usb.o
    0x0800f862   0x0800f862   0x00000002   PAD
    0x0800f864   0x0800f864   0x0000029a   Code   RO          355    .text.USB_DevInit   stm32f4xx_ll_usb.o
    0x0800fafe   0x0800fafe   0x00000002   PAD
    0x0800fb00   0x0800fb00   0x00000014   Code   RO          349    .text.USB_DisableGlobalInt  stm32f4xx_ll_usb.o
    0x0800fb14   0x0800fb14   0x0000009e   Code   RO          409    .text.USB_EP0_OutStart  stm32f4xx_ll_usb.o
    0x0800fbb2   0x0800fbb2   0x00000002   PAD
    0x0800fbb4   0x0800fbb4   0x000000a0   Code   RO          383    .text.USB_EPClearStall  stm32f4xx_ll_usb.o
    0x0800fc54   0x0800fc54   0x000000a8   Code   RO          381    .text.USB_EPSetStall  stm32f4xx_ll_usb.o
    0x0800fcfc   0x0800fcfc   0x000003f8   Code   RO          373    .text.USB_EPStartXfer  stm32f4xx_ll_usb.o
    0x080100f4   0x080100f4   0x0000011c   Code   RO          377    .text.USB_EPStopXfer  stm32f4xx_ll_usb.o
    0x08010210   0x08010210   0x00000014   Code   RO          347    .text.USB_EnableGlobalInt  stm32f4xx_ll_usb.o
    0x08010224   0x08010224   0x00000074   Code   RO          361    .text.USB_FlushRxFifo  stm32f4xx_ll_usb.o
    0x08010298   0x08010298   0x0000007a   Code   RO          359    .text.USB_FlushTxFifo  stm32f4xx_ll_usb.o
    0x08010312   0x08010312   0x00000002   PAD
    0x08010314   0x08010314   0x0000004c   Code   RO          363    .text.USB_GetDevSpeed  stm32f4xx_ll_usb.o
    0x08010360   0x08010360   0x00000010   Code   RO          353    .text.USB_GetMode   stm32f4xx_ll_usb.o
    0x08010370   0x08010370   0x00000024   Code   RO          399    .text.USB_ReadDevAllInEpInterrupt  stm32f4xx_ll_usb.o
    0x08010394   0x08010394   0x00000024   Code   RO          397    .text.USB_ReadDevAllOutEpInterrupt  stm32f4xx_ll_usb.o
    0x080103b8   0x080103b8   0x0000004e   Code   RO          403    .text.USB_ReadDevInEPInterrupt  stm32f4xx_ll_usb.o
    0x08010406   0x08010406   0x00000002   PAD
    0x08010408   0x08010408   0x0000002e   Code   RO          401    .text.USB_ReadDevOutEPInterrupt  stm32f4xx_ll_usb.o
    0x08010436   0x08010436   0x00000002   PAD
    0x08010438   0x08010438   0x0000001a   Code   RO          393    .text.USB_ReadInterrupts  stm32f4xx_ll_usb.o
    0x08010452   0x08010452   0x00000002   PAD
    0x08010454   0x08010454   0x000000b4   Code   RO          379    .text.USB_ReadPacket  stm32f4xx_ll_usb.o
    0x08010508   0x08010508   0x000000de   Code   RO          351    .text.USB_SetCurrentMode  stm32f4xx_ll_usb.o
    0x080105e6   0x080105e6   0x00000002   PAD
    0x080105e8   0x080105e8   0x00000036   Code   RO          387    .text.USB_SetDevAddress  stm32f4xx_ll_usb.o
    0x0801061e   0x0801061e   0x00000002   PAD
    0x08010620   0x08010620   0x00000022   Code   RO          357    .text.USB_SetDevSpeed  stm32f4xx_ll_usb.o
    0x08010642   0x08010642   0x00000002   PAD
    0x08010644   0x08010644   0x000001ba   Code   RO          345    .text.USB_SetTurnaroundTime  stm32f4xx_ll_usb.o
    0x080107fe   0x080107fe   0x00000002   PAD
    0x08010800   0x08010800   0x00000082   Code   RO          375    .text.USB_WritePacket  stm32f4xx_ll_usb.o
    0x08010882   0x08010882   0x00000002   PAD
    0x08010884   0x08010884   0x0000005c   Code   RO          168    .text.USER_initialize  user_diskio.o
    0x080108e0   0x080108e0   0x0000008c   Code   RO          176    .text.USER_ioctl    user_diskio.o
    0x0801096c   0x0801096c   0x00000062   Code   RO          172    .text.USER_read     user_diskio.o
    0x080109ce   0x080109ce   0x00000002   PAD
    0x080109d0   0x080109d0   0x0000005e   Code   RO          170    .text.USER_status   user_diskio.o
    0x08010a2e   0x08010a2e   0x00000002   PAD
    0x08010a30   0x08010a30   0x00000062   Code   RO          174    .text.USER_write    user_diskio.o
    0x08010a92   0x08010a92   0x00000002   PAD
    0x08010a94   0x08010a94   0x00000004   Code   RO          125    .text.UsageFault_Handler  stm32f4xx_it.o
    0x08010a98   0x08010a98   0x00000048   Code   RO         1730    .text.Wait_DRDY     ads1285.o
    0x08010ae0   0x08010ae0   0x00000030   Code   RO          758    .text.__NVIC_EnableIRQ  stm32f4xx_hal_cortex.o
    0x08010b10   0x08010b10   0x00000010   Code   RO          750    .text.__NVIC_GetPriorityGrouping  stm32f4xx_hal_cortex.o
    0x08010b20   0x08010b20   0x00000042   Code   RO          752    .text.__NVIC_SetPriority  stm32f4xx_hal_cortex.o
    0x08010b62   0x08010b62   0x00000002   PAD
    0x08010b64   0x08010b64   0x0000003c   Code   RO          746    .text.__NVIC_SetPriorityGrouping  stm32f4xx_hal_cortex.o
    0x08010ba0   0x08010ba0   0x00000026   Code   RO          766    .text.__NVIC_SystemReset  stm32f4xx_hal_cortex.o
    0x08010bc6   0x08010bc6   0x00000002   PAD
    0x08010bc8   0x08010bc8   0x000000bc   Code   RO         1629    .text.check_fs      ff.o
    0x08010c84   0x08010c84   0x0000003c   Code   RO         1635    .text.chk_chr       ff.o
    0x08010cc0   0x08010cc0   0x000000fc   Code   RO         1531    .text.chk_lock      ff.o
    0x08010dbc   0x08010dbc   0x00000048   Code   RO         1523    .text.clear_lock    ff.o
    0x08010e04   0x08010e04   0x00000068   Code   RO         1561    .text.clmt_clust    ff.o
    0x08010e6c   0x08010e6c   0x00000036   Code   RO         1555    .text.clust2sect    ff.o
    0x08010ea2   0x08010ea2   0x00000002   PAD
    0x08010ea4   0x08010ea4   0x000000ec   Code   RO         1637    .text.cmp_lfn       ff.o
    0x08010f90   0x08010f90   0x00000158   Code   RO         1567    .text.create_chain  ff.o
    0x080110e8   0x080110e8   0x000004bc   Code   RO         1631    .text.create_name   ff.o
    0x080115a4   0x080115a4   0x00000094   Code   RO         1577    .text.dec_lock      ff.o
    0x08011638   0x08011638   0x000000a2   Code   RO         1645    .text.dir_alloc     ff.o
    0x080116da   0x080116da   0x00000002   PAD
    0x080116dc   0x080116dc   0x000001c2   Code   RO         1633    .text.dir_find      ff.o
    0x0801189e   0x0801189e   0x00000002   PAD
    0x080118a0   0x080118a0   0x000001b4   Code   RO         1593    .text.dir_next      ff.o
    0x08011a54   0x08011a54   0x00000184   Code   RO         1589    .text.dir_read      ff.o
    0x08011bd8   0x08011bd8   0x00000210   Code   RO         1535    .text.dir_register  ff.o
    0x08011de8   0x08011de8   0x000000a6   Code   RO         1605    .text.dir_remove    ff.o
    0x08011e8e   0x08011e8e   0x00000002   PAD
    0x08011e90   0x08011e90   0x0000011a   Code   RO         1583    .text.dir_sdi       ff.o
    0x08011faa   0x08011faa   0x00000002   PAD
    0x08011fac   0x08011fac   0x00000062   Code   RO         1502    .text.disk_initialize  diskio.o
    0x0801200e   0x0801200e   0x00000002   PAD
    0x08012010   0x08012010   0x0000003a   Code   RO         1508    .text.disk_ioctl    diskio.o
    0x0801204a   0x0801204a   0x00000002   PAD
    0x0801204c   0x0801204c   0x0000003c   Code   RO         1504    .text.disk_read     diskio.o
    0x08012088   0x08012088   0x0000002e   Code   RO         1500    .text.disk_status   diskio.o
    0x080120b6   0x080120b6   0x00000002   PAD
    0x080120b8   0x080120b8   0x0000003c   Code   RO         1506    .text.disk_write    diskio.o
    0x080120f4   0x080120f4   0x0000004a   Code   RO         1533    .text.enq_lock      ff.o
    0x0801213e   0x0801213e   0x00000002   PAD
    0x08012140   0x08012140   0x0000014c   Code   RO         1758    .text.extract_time  um980.o
    0x0801228c   0x0801228c   0x00000054   Code   RO         1575    .text.f_close       ff.o
    0x080122e0   0x080122e0   0x0000004a   Code   RO         1585    .text.f_closedir    ff.o
    0x0801232a   0x0801232a   0x00000002   PAD
    0x0801232c   0x0801232c   0x00000166   Code   RO         1597    .text.f_getfree     ff.o
    0x08012492   0x08012492   0x00000002   PAD
    0x08012494   0x08012494   0x0000008a   Code   RO         1615    .text.f_gets        ff.o
    0x0801251e   0x0801251e   0x00000002   PAD
    0x08012520   0x08012520   0x00000448   Code   RO         1579    .text.f_lseek       ff.o
    0x08012968   0x08012968   0x00000206   Code   RO         1607    .text.f_mkdir       ff.o
    0x08012b6e   0x08012b6e   0x00000002   PAD
    0x08012b70   0x08012b70   0x00000910   Code   RO         1613    .text.f_mkfs        ff.o
    0x08013480   0x08013480   0x000000a4   Code   RO         1519    .text.f_mount       ff.o
    0x08013524   0x08013524   0x000003aa   Code   RO         1527    .text.f_open        ff.o
    0x080138ce   0x080138ce   0x00000002   PAD
    0x080138d0   0x080138d0   0x0000011a   Code   RO         1581    .text.f_opendir     ff.o
    0x080139ea   0x080139ea   0x00000002   PAD
    0x080139ec   0x080139ec   0x00000282   Code   RO         1557    .text.f_read        ff.o
    0x08013c6e   0x08013c6e   0x00000002   PAD
    0x08013c70   0x08013c70   0x00000094   Code   RO         1587    .text.f_readdir     ff.o
    0x08013d04   0x08013d04   0x000000e8   Code   RO         1569    .text.f_sync        ff.o
    0x08013dec   0x08013dec   0x00000146   Code   RO         1603    .text.f_unlink      ff.o
    0x08013f32   0x08013f32   0x00000002   PAD
    0x08013f34   0x08013f34   0x000002ee   Code   RO         1565    .text.f_write       ff.o
    0x08014222   0x08014222   0x00000002   PAD
    0x08014224   0x08014224   0x000000cc   Code   RO         1686    .text.ff_convert    cc936.o
    0x080142f0   0x080142f0   0x0000013a   Code   RO         1688    .text.ff_wtoupper   cc936.o
    0x0801442a   0x0801442a   0x00000002   PAD
    0x0801442c   0x0801442c   0x000004d6   Code   RO         1525    .text.find_volume   ff.o
    0x08014902   0x08014902   0x00000002   PAD
    0x08014904   0x08014904   0x00000102   Code   RO         1529    .text.follow_path   ff.o
    0x08014a06   0x08014a06   0x00000002   PAD
    0x08014a08   0x08014a08   0x00000030   Code   RO          105    .text.fputc         usart.o
    0x08014a38   0x08014a38   0x00000176   Code   RO         1643    .text.gen_numname   ff.o
    0x08014bae   0x08014bae   0x00000002   PAD
    0x08014bb0   0x08014bb0   0x00000132   Code   RO         1553    .text.get_fat       ff.o
    0x08014ce2   0x08014ce2   0x00000002   PAD
    0x08014ce4   0x08014ce4   0x0000005a   Code   RO          194    .text.get_fattime   fatfs.o
    0x08014d3e   0x08014d3e   0x00000002   PAD
    0x08014d40   0x08014d40   0x000001ea   Code   RO         1591    .text.get_fileinfo  ff.o
    0x08014f2a   0x08014f2a   0x00000002   PAD
    0x08014f2c   0x08014f2c   0x000000a8   Code   RO         1521    .text.get_ldnumber  ff.o
    0x08014fd4   0x08014fd4   0x000000b6   Code   RO         1762    .text.handleDateOverflow  um980.o
    0x0801508a   0x0801508a   0x00000002   PAD
    0x0801508c   0x0801508c   0x00000158   Code   RO         1547    .text.inc_lock      ff.o
    0x080151e4   0x080151e4   0x0000007a   Code   RO         1764    .text.isLeapYear    um980.o
    0x0801525e   0x0801525e   0x00000002   PAD
    0x08015260   0x08015260   0x00000036   Code   RO         1539    .text.ld_clust      ff.o
    0x08015296   0x08015296   0x00000002   PAD
    0x08015298   0x08015298   0x00000034   Code   RO         1549    .text.ld_dword      ff.o
    0x080152cc   0x080152cc   0x00000024   Code   RO         1599    .text.ld_word       ff.o
    0x080152f0   0x080152f0   0x0000009c   Code   RO           11    .text.main          main.o
    0x0801538c   0x0801538c   0x00000056   Code   RO         1641    .text.mem_cmp       ff.o
    0x080153e2   0x080153e2   0x00000002   PAD
    0x080153e4   0x080153e4   0x0000003c   Code   RO         1563    .text.mem_cpy       ff.o
    0x08015420   0x08015420   0x0000002a   Code   RO         1551    .text.mem_set       ff.o
    0x0801544a   0x0801544a   0x00000002   PAD
    0x0801544c   0x0801544c   0x0000005e   Code   RO         1545    .text.move_window   ff.o
    0x080154aa   0x080154aa   0x00000002   PAD
    0x080154ac   0x080154ac   0x000000d4   Code   RO         1651    .text.pick_lfn      ff.o
    0x08015580   0x08015580   0x000001b2   Code   RO         1649    .text.put_fat       ff.o
    0x08015732   0x08015732   0x00000002   PAD
    0x08015734   0x08015734   0x000000d0   Code   RO         1647    .text.put_lfn       ff.o
    0x08015804   0x08015804   0x000000f4   Code   RO         1543    .text.remove_chain  ff.o
    0x080158f8   0x080158f8   0x00000032   Code   RO         1541    .text.st_clust      ff.o
    0x0801592a   0x0801592a   0x00000002   PAD
    0x0801592c   0x0801592c   0x00000044   Code   RO         1537    .text.st_dword      ff.o
    0x08015970   0x08015970   0x0000002c   Code   RO         1571    .text.st_word       ff.o
    0x0801599c   0x0801599c   0x0000003e   Code   RO         1639    .text.sum_sfn       ff.o
    0x080159da   0x080159da   0x00000002   PAD
    0x080159dc   0x080159dc   0x000000c8   Code   RO         1573    .text.sync_fs       ff.o
    0x08015aa4   0x08015aa4   0x0000008a   Code   RO         1609    .text.sync_window   ff.o
    0x08015b2e   0x08015b2e   0x00000002   PAD
    0x08015b30   0x08015b30   0x000000f2   Code   RO         1770    .text.valid_RxCplt  um980.o
    0x08015c22   0x08015c22   0x00000002   PAD
    0x08015c24   0x08015c24   0x00000072   Code   RO         1559    .text.validate      ff.o
    0x08015c96   0x08015c96   0x00000002   PAD
    0x08015c98   0x08015c98   0x00000020   Code   RO         2280    i.__0printf         mc_w.l(printfa.o)
    0x08015cb8   0x08015cb8   0x00000034   Code   RO         2281    i.__0snprintf       mc_w.l(printfa.o)
    0x08015cec   0x08015cec   0x00000008   Code   RO         2347    i.__aeabi_errno_addr  mc_w.l(errno.o)
    0x08015cf4   0x08015cf4   0x0000000e   Code   RO         2430    i.__scatterload_copy  mc_w.l(handlers.o)
    0x08015d02   0x08015d02   0x00000002   Code   RO         2431    i.__scatterload_null  mc_w.l(handlers.o)
    0x08015d04   0x08015d04   0x0000000e   Code   RO         2432    i.__scatterload_zeroinit  mc_w.l(handlers.o)
    0x08015d12   0x08015d12   0x00000002   PAD
    0x08015d14   0x08015d14   0x00000184   Code   RO         2287    i._fp_digits        mc_w.l(printfa.o)
    0x08015e98   0x08015e98   0x0000000e   Code   RO         2362    i._is_digit         mc_w.l(scanf_fp.o)
    0x08015ea6   0x08015ea6   0x00000002   PAD
    0x08015ea8   0x08015ea8   0x000006dc   Code   RO         2288    i._printf_core      mc_w.l(printfa.o)
    0x08016584   0x08016584   0x00000024   Code   RO         2289    i._printf_post_padding  mc_w.l(printfa.o)
    0x080165a8   0x080165a8   0x0000002e   Code   RO         2290    i._printf_pre_padding  mc_w.l(printfa.o)
    0x080165d6   0x080165d6   0x00000016   Code   RO         2291    i._snputc           mc_w.l(printfa.o)
    0x080165ec   0x080165ec   0x00000081   Data   RO         2390    .constdata          mc_w.l(ctype_o.o)
    0x0801666d   0x0801666d   0x00000003   PAD
    0x08016670   0x08016670   0x00000004   Data   RO         2391    .constdata          mc_w.l(ctype_o.o)
    0x08016674   0x08016674   0x00000030   Data   RO         1787    .rodata..L__const.handleDateOverflow.daysInMonth  um980.o
    0x080166a4   0x080166a4   0x00000010   Data   RO         1491    .rodata.AHBPrescTable  system_stm32f4xx.o
    0x080166b4   0x080166b4   0x00000008   Data   RO         1492    .rodata.APBPrescTable  system_stm32f4xx.o
    0x080166bc   0x080166bc   0x00000008   Data   RO          670    .rodata.DMA_CalcBaseAndBitshift.flagBitshiftOffset  stm32f4xx_hal_dma.o
    0x080166c4   0x080166c4   0x0000000d   Data   RO         1659    .rodata.LfnOfs      ff.o
    0x080166d1   0x080166d1   0x00000024   Data   RO         1938    .rodata.STORAGE_Inquirydata_HS  usbd_storage_if.o
    0x080166f5   0x080166f5   0x00000001   PAD
    0x080166f6   0x080166f6   0x0000000e   Data   RO         1654    .rodata.f_mkfs.cst  ff.o
    0x08016704   0x08016704   0x0000000e   Data   RO         1655    .rodata.f_mkfs.cst32  ff.o
    0x08016712   0x08016712   0x000001f2   Data   RO         1692    .rodata.ff_wtoupper.cvt1  cc936.o
    0x08016904   0x08016904   0x000000bc   Data   RO         1693    .rodata.ff_wtoupper.cvt2  cc936.o
    0x080169c0   0x080169c0   0x00015484   Data   RO         1690    .rodata.oem2uni     cc936.o
    0x0802be44   0x0802be44   0x00000031   Data   RO           21    .rodata.str1.1      main.o
    0x0802be75   0x0802be75   0x0000002c   Data   RO           69    .rodata.str1.1      sdio.o
    0x0802bea1   0x0802bea1   0x000005f0   Data   RO          225    .rodata.str1.1      fatfs.o
    0x0802c491   0x0802c491   0x00000044   Data   RO         1656    .rodata.str1.1      ff.o
    0x0802c4d5   0x0802c4d5   0x0000002d   Data   RO         1747    .rodata.str1.1      ads1285.o
    0x0802c502   0x0802c502   0x000000d9   Data   RO         1786    .rodata.str1.1      um980.o
    0x0802c5db   0x0802c5db   0x000003f6   Data   RO         1834    .rodata.str1.1      data_fusion.o
    0x0802c9d1   0x0802c9d1   0x0000003f   Data   RO         1915    .rodata.str1.1      usbd_desc.o
    0x0802ca10   0x0802ca10   0x00015484   Data   RO         1691    .rodata.uni2oem     cc936.o
    0x08041e94   0x08041e94   0x00000020   Data   RO         2429    Region$$Table       anon$$obj.o


    Execution Region RW_IRAM2 (Exec base: 0x10000000, Load base: 0x08041fa8, Size: 0x00000000, Max: 0x00010000, ABSOLUTE)

    **** No section assigned to this execution region ****


    Execution Region RW_IRAM1 (Exec base: 0x20000000, Load base: 0x08041eb8, Size: 0x0001a908, Max: 0x00030000, ABSOLUTE, COMPRESSED[0x000000f0])

    Exec Addr    Load Addr    Size         Type   Attr      Idx    E Section Name        Object

    0x20000000   COMPRESSED   0x00000004   Data   RW         2270    .data               mc_w.l(strtok.o)
    0x20000004   COMPRESSED   0x00000004   Data   RW         2331    .data               mc_w.l(stdout.o)
    0x20000008   COMPRESSED   0x00000004   Data   RW         2350    .data               mc_w.l(errno.o)
    0x2000000c   COMPRESSED   0x0000001c   Data   RW         1911    .data.HS_Desc       usbd_desc.o
    0x20000028   COMPRESSED   0x00000001   Data   RW         2153    .data.MSCInEpAdd    usbd_msc.o
    0x20000029   COMPRESSED   0x00000001   Data   RW         2154    .data.MSCOutEpAdd   usbd_msc.o
    0x2000002a   COMPRESSED   0x00000008   Data   RW         2194    .data.MSC_Mode_Sense10_data  usbd_msc_data.o
    0x20000032   COMPRESSED   0x00000004   Data   RW         2193    .data.MSC_Mode_Sense6_data  usbd_msc_data.o
    0x20000036   COMPRESSED   0x00000006   Data   RW         2191    .data.MSC_Page00_Inquiry_Data  usbd_msc_data.o
    0x2000003c   COMPRESSED   0x00000008   Data   RW         2192    .data.MSC_Page80_Inquiry_Data  usbd_msc_data.o
    0x20000044   COMPRESSED   0x00000001   Data   RW          180    .data.Stat          user_diskio.o
    0x20000045   COMPRESSED   0x00000003   PAD
    0x20000048   COMPRESSED   0x00000004   Data   RW         1490    .data.SystemCoreClock  system_stm32f4xx.o
    0x2000004c   COMPRESSED   0x00000012   Data   RW         1912    .data.USBD_HS_DeviceDesc  usbd_desc.o
    0x2000005e   COMPRESSED   0x00000002   PAD
    0x20000060   COMPRESSED   0x00000004   Data   RW         1913    .data.USBD_LangIDDesc  usbd_desc.o
    0x20000064   COMPRESSED   0x00000038   Data   RW         2152    .data.USBD_MSC      usbd_msc.o
    0x2000009c   COMPRESSED   0x00000020   Data   RW         2155    .data.USBD_MSC_CfgDesc  usbd_msc.o
    0x200000bc   COMPRESSED   0x0000000a   Data   RW         2156    .data.USBD_MSC_DeviceQualifierDesc  usbd_msc.o
    0x200000c6   COMPRESSED   0x00000002   PAD
    0x200000c8   COMPRESSED   0x00000020   Data   RW         1939    .data.USBD_Storage_Interface_fops_HS  usbd_storage_if.o
    0x200000e8   COMPRESSED   0x0000001a   Data   RW         1914    .data.USBD_StringSerial  usbd_desc.o
    0x20000102   COMPRESSED   0x00000002   PAD
    0x20000104   COMPRESSED   0x00000014   Data   RW          178    .data.USER_Driver   user_diskio.o
    0x20000118   COMPRESSED   0x00000001   Data   RW          223    .data.currentFileDay  fatfs.o
    0x20000119   COMPRESSED   0x00000001   Data   RW          224    .data.currentFileHour  fatfs.o
    0x2000011a   COMPRESSED   0x00000001   Data   RW          222    .data.currentFileMonth  fatfs.o
    0x2000011b   COMPRESSED   0x00000001   Data   RW          221    .data.currentFileYear  fatfs.o
    0x2000011c   COMPRESSED   0x0000002c   Data   RW          220    .data.g_config      fatfs.o
    0x20000148   COMPRESSED   0x00000004   Data   RW         1835    .data.g_lastError   data_fusion.o
    0x2000014c   COMPRESSED   0x00000004   Data   RW         1826    .data.syncIntervalMs  data_fusion.o
    0x20000150   COMPRESSED   0x00000001   Data   RW         1833    .data.systemState   data_fusion.o
    0x20000151   COMPRESSED   0x0000000a   Data   RW         1777    .data.tx_buffer     um980.o
    0x2000015b   COMPRESSED   0x00000001   Data   RW          880    .data.uwTickFreq    stm32f4xx_hal.o
    0x2000015c   COMPRESSED   0x00000004   Data   RW          879    .data.uwTickPrio    stm32f4xx_hal.o
    0x20000160        -       0x00000004   Zero   RW         1653    .bss.FatFs          ff.o
    0x20000164        -       0x00000040   Zero   RW         1657    .bss.Files          ff.o
    0x200001a4        -       0x00000001   Zero   RW         1843    .bss.FlushBufferToSD.writeCount  data_fusion.o
    0x200001a5   COMPRESSED   0x00000001   PAD
    0x200001a6        -       0x00000002   Zero   RW         1658    .bss.Fsid           ff.o
    0x200001a8        -       0x00000004   Zero   RW         1836    .bss.MainLoop_StateMachine.usbDisconnectTick  data_fusion.o
    0x200001ac        -       0x00000004   Zero   RW         1842    .bss.ProcessSubStateMachine.lastReportTick  data_fusion.o
    0x200001b0        -       0x00000004   Zero   RW         1841    .bss.ProcessSubStateMachine.lastSampleCount  data_fusion.o
    0x200001b4        -       0x00000004   Zero   RW         1840    .bss.ProcessSubStateMachine.lastSampleTime  data_fusion.o
    0x200001b8        -       0x00000004   Zero   RW         1839    .bss.ProcessSubStateMachine.lastSpaceCheck  data_fusion.o
    0x200001bc        -       0x00000001   Zero   RW         2103    .bss.USBD_SetConfig.cfgidx  usbd_ctlreq.o
    0x200001bd   COMPRESSED   0x00000003   PAD
    0x200001c0        -       0x00000200   Zero   RW         1916    .bss.USBD_StrDesc   usbd_desc.o
    0x200003c0        -       0x00000878   Zero   RW         2010    .bss.USBD_static_malloc.mem  usbd_conf.o
    0x20000c38        -       0x00000004   Zero   RW          226    .bss.USERPath       fatfs.o
    0x20000c3c        -       0x00000001   Zero   RW         1832    .bss.appState       data_fusion.o
    0x20000c3d   COMPRESSED   0x00000003   PAD
    0x20000c40        -       0x00000004   Zero   RW         1827    .bss.bufferFullCount  data_fusion.o
    0x20000c44        -       0x00000004   Zero   RW         1829    .bss.bufferOverrunCount  data_fusion.o
    0x20000c48        -       0x0000000c   Zero   RW         1677    .bss.disk           ff_gen_drv.o
    0x20000c54        -       0x0000001c   Zero   RW          179    .bss.emmc_info      user_diskio.o
    0x20000c70        -       0x00000001   Zero   RW         1837    .bss.fileCreated    data_fusion.o
    0x20000c71   COMPRESSED   0x00000003   PAD
    0x20000c74        -       0x00000234   Zero   RW          228    .bss.fs             fatfs.o
    0x20000ea8        -       0x00017728   Zero   RW         1830    .bss.g_bufferSystem  data_fusion.o
    0x200185d0        -       0x00000080   Zero   RW         1779    .bss.gnssBuffer     um980.o
    0x20018650        -       0x00000001   Zero   RW         1778    .bss.gnssByte       um980.o
    0x20018651        -       0x00000001   Zero   RW         1780    .bss.gnssIndex      um980.o
    0x20018652        -       0x00000001   Zero   RW         1782    .bss.gnssReady      um980.o
    0x20018653        -       0x00000001   Zero   RW         1781    .bss.gnssStarted    um980.o
    0x20018654        -       0x000002dc   Zero   RW         1886    .bss.hUsbDeviceHS   usb_device.o
    0x20018930        -       0x0000001c   Zero   RW         1748    .bss.hads1285       ads1285.o
    0x2001894c        -       0x00000060   Zero   RW           71    .bss.hdma_sdio_rx   sdio.o
    0x200189ac        -       0x00000060   Zero   RW           70    .bss.hdma_sdio_tx   sdio.o
    0x20018a0c        -       0x00000280   Zero   RW           68    .bss.hmmc           sdio.o
    0x20018c8c        -       0x000004e4   Zero   RW         2009    .bss.hpcd_USB_OTG_HS  usbd_conf.o
    0x20019170        -       0x00000020   Zero   RW           52    .bss.hrtc           rtc.o
    0x20019190        -       0x00000058   Zero   RW           85    .bss.hspi4          spi.o
    0x200191e8        -       0x00000048   Zero   RW          107    .bss.huart1         usart.o
    0x20019230        -       0x00000048   Zero   RW          108    .bss.huart2         usart.o
    0x20019278        -       0x00000048   Zero   RW          109    .bss.huart6         usart.o
    0x200192c0        -       0x00000004   Zero   RW         1825    .bss.lastSyncTime   data_fusion.o
    0x200192c4        -       0x00000001   Zero   RW         1831    .bss.needTimeSync   data_fusion.o
    0x200192c5   COMPRESSED   0x00000003   PAD
    0x200192c8        -       0x00000230   Zero   RW         1838    .bss.rawDataFile    data_fusion.o
    0x200194f8        -       0x00000001   Zero   RW          229    .bss.res            fatfs.o
    0x200194f9        -       0x00000001   Zero   RW          227    .bss.retUSER        fatfs.o
    0x200194fa        -       0x00000200   Zero   RW         1776    .bss.rx_buffer      um980.o
    0x200196fa   COMPRESSED   0x00000002   PAD
    0x200196fc        -       0x00000004   Zero   RW         1824    .bss.startupTick    data_fusion.o
    0x20019700        -       0x00000004   Zero   RW          881    .bss.uwTick         stm32f4xx_hal.o
    0x20019704        -       0x00000200   Zero   RW          230    .bss.work           fatfs.o
    0x20019904        -       0x00000004   Zero   RW         1828    .bss.writeCompleteCount  data_fusion.o
    0x20019908        -       0x00001000   Zero   RW            1    STACK               startup_stm32f429xx.o


==============================================================================

Image component sizes


      Code (inc. data)   RO Data    RW Data    ZI Data      Debug   Object Name

      1124          0         45          0         28       8529   ads1285.o
       238          0          0          0          0       3017   bsp_emmc.o
       518         10     175030          0          0       1689   cc936.o
      3482         10       1014          9      96644      10030   data_fusion.o
       322          0          0          0          0       1820   diskio.o
        82          0          0          0          0       3578   dma.o
      2352          0       1520         48       1082      10688   fatfs.o
     18602          0        109          0         70      35784   ff.o
       146          0          0          0         12       2344   ff_gen_drv.o
       576          0          0          0          0       2481   gpio.o
       390          0         49          0          0       5233   main.o
       356          0          0          0         32       3800   rtc.o
       608          0         44          0        832       7696   sdio.o
       244          0          0          0         88       7019   spi.o
        36          8        428          0       4096        900   startup_stm32f429xx.o
       270          0          0          5          4       7591   stm32f4xx_hal.o
       524          0          0          0          0       9927   stm32f4xx_hal_cortex.o
      2080          8          8          0          0       8547   stm32f4xx_hal_dma.o
      1192          0          0          0          0       5247   stm32f4xx_hal_gpio.o
      6150          0          0          0          0      20493   stm32f4xx_hal_mmc.o
        74          0          0          0          0       1601   stm32f4xx_hal_msp.o
      5082          0          0          0          0      14419   stm32f4xx_hal_pcd.o
       192          0          0          0          0       4302   stm32f4xx_hal_pcd_ex.o
       190          0          0          0          0       4528   stm32f4xx_hal_pwr_ex.o
      2646          0          0          0          0       7687   stm32f4xx_hal_rcc.o
      1052          0          0          0          0       5513   stm32f4xx_hal_rcc_ex.o
      1566          0          0          0          0      10070   stm32f4xx_hal_rtc.o
      3780          0          0          0          0      19441   stm32f4xx_hal_spi.o
      3002          0          0          0          0      20308   stm32f4xx_hal_uart.o
       174          0          0          0          0       2108   stm32f4xx_it.o
      2184          0          0          0          0      11297   stm32f4xx_ll_sdmmc.o
      5100          0          0          0          0      19790   stm32f4xx_ll_usb.o
        18          0         24          4          0       2648   system_stm32f4xx.o
      1586          4        265         10        644       7341   um980.o
       712          0          0          0        216       8122   usart.o
       118          0          0          0        732       3191   usb_device.o
      1644          4          0          0       3420      14846   usbd_conf.o
      2130          0          0          0          0       9000   usbd_core.o
      3396         30          0          0          1       8600   usbd_ctlreq.o
       572          0         63         76        512       3281   usbd_desc.o
       178          0          0          0          0       4236   usbd_ioreq.o
      1362         12          0        100          0       7687   usbd_msc.o
      1288          0          0          0          0       7091   usbd_msc_bot.o
         0          0          0         26          0        813   usbd_msc_data.o
      5100          0          0          0          0      12503   usbd_msc_scsi.o
       402          0         36         32          0       3547   usbd_storage_if.o
       522          4          0         21         28       2703   user_diskio.o

    ----------------------------------------------------------------------
     83804         90     178668        340     108456     373086   Object Totals
         0          0         32          0          0          0   (incl. Generated)
       442          0          1          9         15          0   (incl. Padding)

    ----------------------------------------------------------------------

      Code (inc. data)   RO Data    RW Data    ZI Data      Debug   Library Member Name

        58          0          0          0          0          0   __dczerorl.o
        28          0          0          0          0         68   _chval.o
       812          4          0          0          0        112   _scanf.o
       332          0          0          0          0         96   _scanf_int.o
       342          0          0          0          0        100   _scanf_longlong.o
       224          0          0          0          0         96   _scanf_str.o
        64          0          0          0          0         84   _sgetc.o
       158          0          0          0          0         92   _strtoul.o
        26          0          0          0          0         80   atoi.o
         8          4        133          0          0         68   ctype_o.o
         0          0          0          0          0          0   entry.o
         0          0          0          0          0          0   entry10a.o
         0          0          0          0          0          0   entry11a.o
         8          4          0          0          0          0   entry2.o
         4          0          0          0          0          0   entry5.o
         0          0          0          0          0          0   entry7b.o
         0          0          0          0          0          0   entry8b.o
         8          4          0          0          0          0   entry9a.o
         8          4          0          4          0         68   errno.o
        30          0          0          0          0          0   handlers.o
        36          8          0          0          0         68   init.o
        18          0          0          0          0         76   isspace_o.o
         0          0          0          0          0          0   iusefp.o
        30          0          0          0          0         68   llshl.o
        36          0          0          0          0         68   llsshr.o
        32          0          0          0          0         68   llushr.o
        36          0          0          0          0         68   memcpya.o
        36          0          0          0          0        108   memseta.o
      2332         94          0          0          0        608   printfa.o
        40          8          0          0          0         84   scanf_char.o
       878         12          0          0          0        216   scanf_fp.o
        56          8          0          0          0         84   sscanf.o
         0          0          0          4          0          0   stdout.o
        28          0          0          0          0         76   strcmp.o
        34          0          0          0          0         80   strcspn.o
        14          0          0          0          0         68   strlen.o
        30          0          0          0          0         80   strncmp.o
        24          0          0          0          0         76   strncpy.o
        36          0          0          0          0         80   strstr.o
        68          6          0          4          0         80   strtok.o
       112          0          0          0          0         88   strtol.o
        44          0          0          0          0         80   uidiv.o
        98          0          0          0          0         92   uldiv.o
        48          0          0          0          0         68   cdrcmple.o
        56          0          0          0          0         88   d2f.o
       334          0          0          0          0        148   dadd.o
       222          0          0          0          0        100   ddiv.o
       186          0          0          0          0        176   depilogue.o
        48          0          0          0          0         68   dfixul.o
        24          0          0          0          0         76   dfltul.o
       228          0          0          0          0         96   dmul.o
       110          0          0          0          0        168   fepilogue.o

    ----------------------------------------------------------------------
      7396        156        136         12          0       4168   Library Totals
        12          0          3          0          0          0   (incl. Padding)

    ----------------------------------------------------------------------

      Code (inc. data)   RO Data    RW Data    ZI Data      Debug   Library Name

      6128        156        133         12          0       3180   mc_w.l
      1256          0          0          0          0        988   mf_w.l

    ----------------------------------------------------------------------
      7396        156        136         12          0       4168   Library Totals

    ----------------------------------------------------------------------

==============================================================================


      Code (inc. data)   RO Data    RW Data    ZI Data      Debug   

     91200        246     178804        352     108456     374422   Grand Totals
     91200        246     178804        240     108456     374422   ELF Image Totals (compressed)
     91200        246     178804        240          0          0   ROM Totals

==============================================================================

    Total RO  Size (Code + RO Data)               270004 ( 263.68kB)
    Total RW  Size (RW Data + ZI Data)            108808 ( 106.26kB)
    Total ROM Size (Code + RO Data + RW Data)     270244 ( 263.91kB)

==============================================================================

