<html>
<body>
<pre>
<h1>µVision Build Log</h1>
<h2>Tool Versions:</h2>
IDE-Version: ¦ÌVision V5.38.0.0
Copyright (C) 2022 ARM Ltd and ARM Germany GmbH. All rights reserved.
License Information: 1 DELL, 1, LIC=EXJT4-FUHCF-12TLE-5C32Q-MQ36S-NX0Y2
 
Tool Versions:
Toolchain:       MDK-ARM Plus  Version: 5.38.0.0
Toolchain Path:  D:\Works\Keil5_Install\MDK\Core\ARM\ARMCLANG\Bin
C Compiler:      ArmClang.exe V6.19
Assembler:       Armasm.exe V6.19
Linker/Locator:  ArmLink.exe V6.19
Library Manager: ArmAr.exe V6.19
Hex Converter:   FromElf.exe V6.19
CPU DLL:         SARMCM3.DLL V5.38.0.0
Dialog DLL:      DCM.DLL V1.17.5.0
Target DLL:      Segger\JL2CM3.dll V2.99.42.0
Dialog DLL:      TCM.DLL V1.56.4.0
 
<h2>Project:</h2>
E:\Projects\25\Huawei_Backup\Lxx\Project_Test\ac\ac_250812\System-App-usbout-Board4-0713-1900\Delete_Persnal\MDK-ARM\emmc.uvprojx
Project File Date:  07/12/2025

<h2>Output:</h2>
*** Using Compiler 'V6.19', folder: 'D:\Works\Keil5_Install\MDK\Core\ARM\ARMCLANG\Bin'
Rebuild target 'emmc'
assembling startup_stm32f429xx.s...
compiling spi.c...
compiling rtc.c...
compiling gpio.c...
compiling sdio.c...
compiling main.c...
compiling dma.c...
compiling usart.c...
compiling stm32f4xx_hal_msp.c...
compiling stm32f4xx_it.c...
compiling user_diskio.c...
compiling stm32f4xx_hal_pcd_ex.c...
compiling fatfs.c...
compiling stm32f4xx_hal_pcd.c...
compiling stm32f4xx_hal_flash.c...
compiling stm32f4xx_ll_usb.c...
compiling stm32f4xx_hal_rcc_ex.c...
compiling stm32f4xx_hal_rcc.c...
compiling stm32f4xx_hal_flash_ramfunc.c...
compiling stm32f4xx_hal_flash_ex.c...
compiling stm32f4xx_hal_gpio.c...
compiling stm32f4xx_hal_pwr.c...
compiling stm32f4xx_hal_pwr_ex.c...
compiling stm32f4xx_hal_dma.c...
compiling stm32f4xx_hal_cortex.c...
compiling stm32f4xx_hal.c...
compiling stm32f4xx_hal_dma_ex.c...
compiling stm32f4xx_hal_exti.c...
compiling stm32f4xx_hal_rtc.c...
compiling stm32f4xx_ll_sdmmc.c...
compiling stm32f4xx_hal_tim.c...
compiling stm32f4xx_hal_rtc_ex.c...
compiling stm32f4xx_hal_mmc.c...
compiling stm32f4xx_hal_spi.c...
compiling stm32f4xx_hal_uart.c...
compiling stm32f4xx_hal_tim_ex.c...
compiling system_stm32f4xx.c...
compiling diskio.c...
compiling ff_gen_drv.c...
compiling syscall.c...
compiling bsp_emmc.c...
compiling ads1285.c...
compiling um980.c...
compiling ff.c...
compiling ads_1.c...
../BSP/data_fusion.c(336): warning: format specifies type 'unsigned long' but the argument has type 'uint32_t' (aka 'unsigned int') [-Wformat]
                printf("ÊµÊ±<B2><C9><D1><F9><C2><CA>: %lu SPS" ,samplesPerSecond);
                                                    ~~~       ^~~~~~~~~~~~~~~~
                                                    %u
1 warning generated.
compiling data_fusion.c...
compiling usb_device.c...
compiling cc936.c...
compiling usbd_desc.c...
compiling usbd_storage_if.c...
compiling usbd_core.c...
compiling usbd_conf.c...
compiling usbd_ctlreq.c...
compiling usbd_msc_data.c...
compiling usbd_ioreq.c...
compiling usbd_msc_bot.c...
compiling usbd_msc.c...
compiling usbd_msc_scsi.c...
linking...
Program Size: Code=91244 RO-data=178804 RW-data=352 ZI-data=108456  
FromELF: creating hex file...
"emmc\emmc.axf" - 0 Error(s), 1 Warning(s).

<h2>Software Packages used:</h2>

Package Vendor: ARM
                http://www.keil.com/pack/ARM.CMSIS.5.9.0.pack
                ARM.CMSIS.5.9.0
                CMSIS (Common Microcontroller Software Interface Standard)
   * Component: CORE Version: 5.6.0

Package Vendor: Keil
                https://www.keil.com/pack/Keil.STM32F4xx_DFP.2.17.1.pack
                Keil.STM32F4xx_DFP.2.17.1
                STMicroelectronics STM32F4 Series Device Support, Drivers and Examples

<h2>Collection of Component include folders:</h2>
  ./RTE/_emmc
  D:/Works/Keil5_Install/MDK/Packs/ARM/CMSIS/5.9.0/CMSIS/Core/Include
  D:/Works/Keil5_Install/MDK/Packs/Keil/STM32F4xx_DFP/2.17.1/Drivers/CMSIS/Device/ST/STM32F4xx/Include

<h2>Collection of Component Files used:</h2>

   * Component: ARM::CMSIS:CORE:5.6.0
Build Time Elapsed:  00:00:05
</pre>
</body>
</html>
